Archive member included to satisfy reference by file (symbol)

e:/programs/stm32cubeide_1.7.0/stm32cubeide/plugins/com.st.stm32cube.ide.mcu.externaltools.gnu-tools-for-stm32.9-2020-q2-update.win32_2.0.0.202105311346/tools/bin/../lib/gcc/arm-none-eabi/9.3.1/../../../../arm-none-eabi/lib/thumb/v7e-m+dp/hard\libc_nano.a(lib_a-exit.o)
                              e:/programs/stm32cubeide_1.7.0/stm32cubeide/plugins/com.st.stm32cube.ide.mcu.externaltools.gnu-tools-for-stm32.9-2020-q2-update.win32_2.0.0.202105311346/tools/bin/../lib/gcc/arm-none-eabi/9.3.1/../../../../arm-none-eabi/lib/thumb/v7e-m+dp/hard/crt0.o (exit)
e:/programs/stm32cubeide_1.7.0/stm32cubeide/plugins/com.st.stm32cube.ide.mcu.externaltools.gnu-tools-for-stm32.9-2020-q2-update.win32_2.0.0.202105311346/tools/bin/../lib/gcc/arm-none-eabi/9.3.1/../../../../arm-none-eabi/lib/thumb/v7e-m+dp/hard\libc_nano.a(lib_a-impure.o)
                              e:/programs/stm32cubeide_1.7.0/stm32cubeide/plugins/com.st.stm32cube.ide.mcu.externaltools.gnu-tools-for-stm32.9-2020-q2-update.win32_2.0.0.202105311346/tools/bin/../lib/gcc/arm-none-eabi/9.3.1/../../../../arm-none-eabi/lib/thumb/v7e-m+dp/hard\libc_nano.a(lib_a-exit.o) (_global_impure_ptr)
e:/programs/stm32cubeide_1.7.0/stm32cubeide/plugins/com.st.stm32cube.ide.mcu.externaltools.gnu-tools-for-stm32.9-2020-q2-update.win32_2.0.0.202105311346/tools/bin/../lib/gcc/arm-none-eabi/9.3.1/../../../../arm-none-eabi/lib/thumb/v7e-m+dp/hard\libc_nano.a(lib_a-init.o)
                              e:/programs/stm32cubeide_1.7.0/stm32cubeide/plugins/com.st.stm32cube.ide.mcu.externaltools.gnu-tools-for-stm32.9-2020-q2-update.win32_2.0.0.202105311346/tools/bin/../lib/gcc/arm-none-eabi/9.3.1/../../../../arm-none-eabi/lib/thumb/v7e-m+dp/hard/crt0.o (__libc_init_array)
e:/programs/stm32cubeide_1.7.0/stm32cubeide/plugins/com.st.stm32cube.ide.mcu.externaltools.gnu-tools-for-stm32.9-2020-q2-update.win32_2.0.0.202105311346/tools/bin/../lib/gcc/arm-none-eabi/9.3.1/../../../../arm-none-eabi/lib/thumb/v7e-m+dp/hard\libc_nano.a(lib_a-memset.o)
                              e:/programs/stm32cubeide_1.7.0/stm32cubeide/plugins/com.st.stm32cube.ide.mcu.externaltools.gnu-tools-for-stm32.9-2020-q2-update.win32_2.0.0.202105311346/tools/bin/../lib/gcc/arm-none-eabi/9.3.1/../../../../arm-none-eabi/lib/thumb/v7e-m+dp/hard/crt0.o (memset)
e:/programs/stm32cubeide_1.7.0/stm32cubeide/plugins/com.st.stm32cube.ide.mcu.externaltools.gnu-tools-for-stm32.9-2020-q2-update.win32_2.0.0.202105311346/tools/bin/../lib/gcc/arm-none-eabi/9.3.1/../../../../arm-none-eabi/lib/thumb/v7e-m+dp/hard\libc_nano.a(lib_a-printf.o)
                              ./Src/audio.o (printf)
e:/programs/stm32cubeide_1.7.0/stm32cubeide/plugins/com.st.stm32cube.ide.mcu.externaltools.gnu-tools-for-stm32.9-2020-q2-update.win32_2.0.0.202105311346/tools/bin/../lib/gcc/arm-none-eabi/9.3.1/../../../../arm-none-eabi/lib/thumb/v7e-m+dp/hard\libc_nano.a(lib_a-puts.o)
                              ./Src/audio.o (puts)
e:/programs/stm32cubeide_1.7.0/stm32cubeide/plugins/com.st.stm32cube.ide.mcu.externaltools.gnu-tools-for-stm32.9-2020-q2-update.win32_2.0.0.202105311346/tools/bin/../lib/gcc/arm-none-eabi/9.3.1/../../../../arm-none-eabi/lib/thumb/v7e-m+dp/hard\libc_nano.a(lib_a-strlen.o)
                              ./Src/uart.o (strlen)
e:/programs/stm32cubeide_1.7.0/stm32cubeide/plugins/com.st.stm32cube.ide.mcu.externaltools.gnu-tools-for-stm32.9-2020-q2-update.win32_2.0.0.202105311346/tools/bin/../lib/gcc/arm-none-eabi/9.3.1/../../../../arm-none-eabi/lib/thumb/v7e-m+dp/hard\libc_nano.a(lib_a-wbuf.o)
                              e:/programs/stm32cubeide_1.7.0/stm32cubeide/plugins/com.st.stm32cube.ide.mcu.externaltools.gnu-tools-for-stm32.9-2020-q2-update.win32_2.0.0.202105311346/tools/bin/../lib/gcc/arm-none-eabi/9.3.1/../../../../arm-none-eabi/lib/thumb/v7e-m+dp/hard\libc_nano.a(lib_a-puts.o) (__swbuf_r)
e:/programs/stm32cubeide_1.7.0/stm32cubeide/plugins/com.st.stm32cube.ide.mcu.externaltools.gnu-tools-for-stm32.9-2020-q2-update.win32_2.0.0.202105311346/tools/bin/../lib/gcc/arm-none-eabi/9.3.1/../../../../arm-none-eabi/lib/thumb/v7e-m+dp/hard\libc_nano.a(lib_a-wsetup.o)
                              e:/programs/stm32cubeide_1.7.0/stm32cubeide/plugins/com.st.stm32cube.ide.mcu.externaltools.gnu-tools-for-stm32.9-2020-q2-update.win32_2.0.0.202105311346/tools/bin/../lib/gcc/arm-none-eabi/9.3.1/../../../../arm-none-eabi/lib/thumb/v7e-m+dp/hard\libc_nano.a(lib_a-puts.o) (__swsetup_r)
e:/programs/stm32cubeide_1.7.0/stm32cubeide/plugins/com.st.stm32cube.ide.mcu.externaltools.gnu-tools-for-stm32.9-2020-q2-update.win32_2.0.0.202105311346/tools/bin/../lib/gcc/arm-none-eabi/9.3.1/../../../../arm-none-eabi/lib/thumb/v7e-m+dp/hard\libc_nano.a(lib_a-fflush.o)
[...]
Memory Configuration

Name             Origin             Length             Attributes
RAM              0x0000000020000000 0x0000000000080000 xrw
FLASH            0x0000000008000000 0x0000000000200000 xr
*default*        0x0000000000000000 0xffffffffffffffff

Linker script and memory map

LOAD e:/programs/stm32cubeide_1.7.0/stm32cubeide/plugins/com.st.stm32cube.ide.mcu.externaltools.gnu-tools-for-stm32.9-2020-q2-update.win32_2.0.0.202105311346/tools/bin/../lib/gcc/arm-none-eabi/9.3.1/thumb/v7e-m+dp/hard/crti.o
LOAD e:/programs/stm32cubeide_1.7.0/stm32cubeide/plugins/com.st.stm32cube.ide.mcu.externaltools.gnu-tools-for-stm32.9-2020-q2-update.win32_2.0.0.202105311346/tools/bin/../lib/gcc/arm-none-eabi/9.3.1/thumb/v7e-m+dp/hard/crtbegin.o
LOAD e:/programs/stm32cubeide_1.7.0/stm32cubeide/plugins/com.st.stm32cube.ide.mcu.externaltools.gnu-tools-for-stm32.9-2020-q2-update.win32_2.0.0.202105311346/tools/bin/../lib/gcc/arm-none-eabi/9.3.1/../../../../arm-none-eabi/lib/thumb/v7e-m+dp/hard/crt0.o
LOAD ./Drivers/BSP/Components/wm8994/wm8994.o
LOAD ./Drivers/BSP/STM32F769I-Discovery/stm32f769i_discovery.o
LOAD ./Drivers/BSP/STM32F769I-Discovery/stm32f769i_discovery_audio.o
LOAD ./Drivers/STM32F7xx_HAL_Driver/Src/stm32f7xx_hal.o
LOAD ./Drivers/STM32F7xx_HAL_Driver/Src/stm32f7xx_hal_cortex.o
LOAD ./Drivers/STM32F7xx_HAL_Driver/Src/stm32f7xx_hal_dfsdm.o
LOAD ./Drivers/STM32F7xx_HAL_Driver/Src/stm32f7xx_hal_dma.o
LOAD ./Drivers/STM32F7xx_HAL_Driver/Src/stm32f7xx_hal_dma_ex.o
LOAD ./Drivers/STM32F7xx_HAL_Driver/Src/stm32f7xx_hal_flash.o
LOAD ./Drivers/STM32F7xx_HAL_Driver/Src/stm32f7xx_hal_flash_ex.o
LOAD ./Drivers/STM32F7xx_HAL_Driver/Src/stm32f7xx_hal_gpio.o
LOAD ./Drivers/STM32F7xx_HAL_Driver/Src/stm32f7xx_hal_i2c.o
LOAD ./Drivers/STM32F7xx_HAL_Driver/Src/stm32f7xx_hal_i2c_ex.o
LOAD ./Drivers/STM32F7xx_HAL_Driver/Src/stm32f7xx_hal_pwr.o
LOAD ./Drivers/STM32F7xx_HAL_Driver/Src/stm32f7xx_hal_pwr_ex.o
LOAD ./Drivers/STM32F7xx_HAL_Driver/Src/stm32f7xx_hal_rcc.o
LOAD ./Drivers/STM32F7xx_HAL_Driver/Src/stm32f7xx_hal_rcc_ex.o
LOAD ./Drivers/STM32F7xx_HAL_Driver/Src/stm32f7xx_hal_sai.o
LOAD ./Drivers/STM32F7xx_HAL_Driver/Src/stm32f7xx_hal_sai_ex.o
LOAD ./Drivers/STM32F7xx_HAL_Driver/Src/stm32f7xx_hal_tim.o
LOAD ./Drivers/STM32F7xx_HAL_Driver/Src/stm32f7xx_hal_tim_ex.o
LOAD ./Drivers/STM32F7xx_HAL_Driver/Src/stm32f7xx_hal_uart.o
LOAD ./Src/audio.o
LOAD ./Src/bsp_override.o
LOAD ./Src/init.o
LOAD ./Src/main.o
LOAD ./Src/stm32f7xx_it.o
LOAD ./Src/system_stm32f7xx.o
LOAD ./Src/uart.o
LOAD ./Src/util.o
LOAD ./startup/startup_stm32f769xx.o
START GROUP
LOAD e:/programs/stm32cubeide_1.7.0/stm32cubeide/plugins/com.st.stm32cube.ide.mcu.externaltools.gnu-tools-for-stm32.9-2020-q2-update.win32_2.0.0.202105311346/tools/bin/../lib/gcc/arm-none-eabi/9.3.1/../../../../arm-none-eabi/lib/thumb/v7e-m+dp/hard\libc_nano.a
LOAD e:/programs/stm32cubeide_1.7.0/stm32cubeide/plugins/com.st.stm32cube.ide.mcu.externaltools.gnu-tools-for-stm32.9-2020-q2-update.win32_2.0.0.202105311346/tools/bin/../lib/gcc/arm-none-eabi/9.3.1/../../../../arm-none-eabi/lib/thumb/v7e-m+dp/hard\libm.a
END GROUP
START GROUP
LOAD e:/programs/stm32cubeide_1.7.0/stm32cubeide/plugins/com.st.stm32cube.ide.mcu.externaltools.gnu-tools-for-stm32.9-2020-q2-update.win32_2.0.0.202105311346/tools/bin/../lib/gcc/arm-none-eabi/9.3.1/thumb/v7e-m+dp/hard\libgcc.a
LOAD e:/programs/stm32cubeide_1.7.0/stm32cubeide/plugins/com.st.stm32cube.ide.mcu.externaltools.gnu-tools-for-stm32.9-2020-q2-update.win32_2.0.0.202105311346/tools/bin/../lib/gcc/arm-none-eabi/9.3.1/../../../../arm-none-eabi/lib/thumb/v7e-m+dp/hard\libc_nano.a
END GROUP
START GROUP
LOAD e:/programs/stm32cubeide_1.7.0/stm32cubeide/plugins/com.st.stm32cube.ide.mcu.externaltools.gnu-tools-for-stm32.9-2020-q2-update.win32_2.0.0.202105311346/tools/bin/../lib/gcc/arm-none-eabi/9.3.1/thumb/v7e-m+dp/hard\libgcc.a
LOAD e:/programs/stm32cubeide_1.7.0/stm32cubeide/plugins/com.st.stm32cube.ide.mcu.externaltools.gnu-tools-for-stm32.9-2020-q2-update.win32_2.0.0.202105311346/tools/bin/../lib/gcc/arm-none-eabi/9.3.1/../../../../arm-none-eabi/lib/thumb/v7e-m+dp/hard\libc_nano.a
LOAD e:/programs/stm32cubeide_1.7.0/stm32cubeide/plugins/com.st.stm32cube.ide.mcu.externaltools.gnu-tools-for-stm32.9-2020-q2-update.win32_2.0.0.202105311346/tools/bin/../lib/gcc/arm-none-eabi/9.3.1/../../../../arm-none-eabi/lib/thumb/v7e-m+dp/hard\libnosys.a
END GROUP
START GROUP
LOAD e:/programs/stm32cubeide_1.7.0/stm32cubeide/plugins/com.st.stm32cube.ide.mcu.externaltools.gnu-tools-for-stm32.9-2020-q2-update.win32_2.0.0.202105311346/tools/bin/../lib/gcc/arm-none-eabi/9.3.1/thumb/v7e-m+dp/hard\libgcc.a
LOAD e:/programs/stm32cubeide_1.7.0/stm32cubeide/plugins/com.st.stm32cube.ide.mcu.externaltools.gnu-tools-for-stm32.9-2020-q2-update.win32_2.0.0.202105311346/tools/bin/../lib/gcc/arm-none-eabi/9.3.1/../../../../arm-none-eabi/lib/thumb/v7e-m+dp/hard\libc_nano.a
LOAD e:/programs/stm32cubeide_1.7.0/stm32cubeide/plugins/com.st.stm32cube.ide.mcu.externaltools.gnu-tools-for-stm32.9-2020-q2-update.win32_2.0.0.202105311346/tools/bin/../lib/gcc/arm-none-eabi/9.3.1/../../../../arm-none-eabi/lib/thumb/v7e-m+dp/hard\libnosys.a
END GROUP
LOAD e:/programs/stm32cubeide_1.7.0/stm32cubeide/plugins/com.st.stm32cube.ide.mcu.externaltools.gnu-tools-for-stm32.9-2020-q2-update.win32_2.0.0.202105311346/tools/bin/../lib/gcc/arm-none-eabi/9.3.1/thumb/v7e-m+dp/hard/crtend.o
LOAD e:/programs/stm32cubeide_1.7.0/stm32cubeide/plugins/com.st.stm32cube.ide.mcu.externaltools.gnu-tools-for-stm32.9-2020-q2-update.win32_2.0.0.202105311346/tools/bin/../lib/gcc/arm-none-eabi/9.3.1/thumb/v7e-m+dp/hard/crtn.o
                0x0000000020080000                _estack = 0x20080000
                0x0000000000000200                _Min_Heap_Size = 0x200
                0x0000000000000400                _Min_Stack_Size = 0x400

.isr_vector     0x0000000008000000      0x1f8
                0x0000000008000000                . = ALIGN (0x4)
 *(.isr_vector)
 .isr_vector    0x0000000008000000      0x1f8 ./startup/startup_stm32f769xx.o
                0x0000000008000000                g_pfnVectors
                0x00000000080001f8                . = ALIGN (0x4)

.text           0x0000000008000200     0x56b8
                0x0000000008000200                . = ALIGN (0x4)
 *(.text)
 .text          0x0000000008000200       0x40 e:/programs/stm32cubeide_1.7.0/stm32cubeide/plugins/com.st.stm32cube.ide.mcu.externaltools.gnu-tools-for-stm32.9-2020-q2-update.win32_2.0.0.202105311346/tools/bin/../lib/gcc/arm-none-eabi/9.3.1/thumb/v7e-m+dp/hard/crtbegin.o
 .text          0x0000000008000240       0xa0 e:/programs/stm32cubeide_1.7.0/stm32cubeide/plugins/com.st.stm32cube.ide.mcu.externaltools.gnu-tools-for-stm32.9-2020-q2-update.win32_2.0.0.202105311346/tools/bin/../lib/gcc/arm-none-eabi/9.3.1/../../../../arm-none-eabi/lib/thumb/v7e-m+dp/hard\libc_nano.a(lib_a-memchr.o)
                0x0000000008000240                memchr
 *(.text*)
 .text.CODEC_IO_Write
                0x00000000080002e0        0xa ./Drivers/BSP/Components/wm8994/wm8994.o
 *fill*         0x00000000080002ea        0x2 
 .text.wm8994_SetMute
                0x00000000080002ec       0x58 ./Drivers/BSP/Components/wm8994/wm8994.o
                0x00000000080002ec                wm8994_SetMute
 .text.wm8994_Play
                0x0000000008000344        0xa ./Drivers/BSP/Components/wm8994/wm8994.o
                0x0000000008000344                wm8994_Play
 .text.wm8994_Resume
                0x000000000800034e        0xa ./Drivers/BSP/Components/wm8994/wm8994.o
                0x000000000800034e                wm8994_Resume
 .text.wm8994_Pause
                0x0000000008000358       0x1a ./Drivers/BSP/Components/wm8994/wm8994.o
                0x0000000008000358                wm8994_Pause
 *fill*         0x0000000008000372        0x2 
 .text.wm8994_Stop
                0x0000000008000374       0x7c ./Drivers/BSP/Components/wm8994/wm8994.o
                0x0000000008000374                wm8994_Stop
 .text.wm8994_SetVolume
                0x00000000080003f0      0x134 ./Drivers/BSP/Components/wm8994/wm8994.o
                0x00000000080003f0                wm8994_SetVolume
 .text.wm8994_Init
                0x0000000008000524      0x708 ./Drivers/BSP/Components/wm8994/wm8994.o
                0x0000000008000524                wm8994_Init
 .text.wm8994_SetOutputMode
                0x0000000008000c2c      0x136 ./Drivers/BSP/Components/wm8994/wm8994.o
                0x0000000008000c2c                wm8994_SetOutputMode
 *fill*         0x0000000008000d62        0x2 
 .text.wm8994_SetFrequency
                0x0000000008000d64       0xac ./Drivers/BSP/Components/wm8994/wm8994.o
                0x0000000008000d64                wm8994_SetFrequency
 .text.wm8994_Reset
                0x0000000008000e10       0x1c ./Drivers/BSP/Components/wm8994/wm8994.o
                0x0000000008000e10                wm8994_Reset
 .text.wm8994_DeInit
                0x0000000008000e2c        0x8 ./Drivers/BSP/Components/wm8994/wm8994.o
                0x0000000008000e2c                wm8994_DeInit
 .text.wm8994_ReadID
                0x0000000008000e34       0x12 ./Drivers/BSP/Components/wm8994/wm8994.o
                0x0000000008000e34                wm8994_ReadID
 *fill*         0x0000000008000e46        0x2 
 .text.I2Cx_MspInit
                0x0000000008000e48      0x13c ./Drivers/BSP/STM32F769I-Discovery/stm32f769i_discovery.o
 .text.I2Cx_Init
                0x0000000008000f84       0x4c ./Drivers/BSP/STM32F769I-Discovery/stm32f769i_discovery.o
 .text.I2Cx_Error
                0x0000000008000fd0       0x10 ./Drivers/BSP/STM32F769I-Discovery/stm32f769i_discovery.o
 .text.I2Cx_WriteMultiple
                0x0000000008000fe0       0x32 ./Drivers/BSP/STM32F769I-Discovery/stm32f769i_discovery.o
 .text.I2Cx_ReadMultiple
                0x0000000008001012       0x32 ./Drivers/BSP/STM32F769I-Discovery/stm32f769i_discovery.o
 .text.AUDIO_IO_Init
                0x0000000008001044       0x10 ./Drivers/BSP/STM32F769I-Discovery/stm32f769i_discovery.o
                0x0000000008001044                AUDIO_IO_Init
 .text.AUDIO_IO_DeInit
                0x0000000008001054        0x2 ./Drivers/BSP/STM32F769I-Discovery/stm32f769i_discovery.o
                0x0000000008001054                AUDIO_IO_DeInit
 *fill*         0x0000000008001056        0x2 
 .text.AUDIO_IO_Write
                0x0000000008001058       0x30 ./Drivers/BSP/STM32F769I-Discovery/stm32f769i_discovery.o
                0x0000000008001058                AUDIO_IO_Write
 .text.AUDIO_IO_Read
                0x0000000008001088       0x38 ./Drivers/BSP/STM32F769I-Discovery/stm32f769i_discovery.o
                0x0000000008001088                AUDIO_IO_Read
 .text.AUDIO_IO_Delay
                0x00000000080010c0        0x8 ./Drivers/BSP/STM32F769I-Discovery/stm32f769i_discovery.o
                0x00000000080010c0                AUDIO_IO_Delay
 .text.BSP_AUDIO_OUT_TransferComplete_CallBack
                0x00000000080010c8        0x2 ./Drivers/BSP/STM32F769I-Discovery/stm32f769i_discovery_audio.o
                0x00000000080010c8                BSP_AUDIO_OUT_TransferComplete_CallBack
 .text.HAL_SAI_TxCpltCallback
                0x00000000080010ca        0x8 ./Drivers/BSP/STM32F769I-Discovery/stm32f769i_discovery_audio.o
                0x00000000080010ca                HAL_SAI_TxCpltCallback
 .text.HAL_SAI_TxHalfCpltCallback
                0x00000000080010d2        0x8 ./Drivers/BSP/STM32F769I-Discovery/stm32f769i_discovery_audio.o
                0x00000000080010d2                HAL_SAI_TxHalfCpltCallback
 .text.BSP_AUDIO_OUT_Error_CallBack
                0x00000000080010da        0x2 ./Drivers/BSP/STM32F769I-Discovery/stm32f769i_discovery_audio.o
                0x00000000080010da                BSP_AUDIO_OUT_Error_CallBack
 .text.BSP_AUDIO_OUT_MspInit
                0x00000000080010dc      0x108 ./Drivers/BSP/STM32F769I-Discovery/stm32f769i_discovery_audio.o
                0x00000000080010dc                BSP_AUDIO_OUT_MspInit
 .text.BSP_AUDIO_OUT_ClockConfig
                0x00000000080011e4       0x6a ./Drivers/BSP/STM32F769I-Discovery/stm32f769i_discovery_audio.o
                0x00000000080011e4                BSP_AUDIO_OUT_ClockConfig
 .text.HAL_SAI_RxCpltCallback
                0x000000000800124e        0x8 ./Drivers/BSP/STM32F769I-Discovery/stm32f769i_discovery_audio.o
                0x000000000800124e                HAL_SAI_RxCpltCallback
 .text.HAL_SAI_RxHalfCpltCallback
                0x0000000008001256        0x8 ./Drivers/BSP/STM32F769I-Discovery/stm32f769i_discovery_audio.o
                0x0000000008001256                HAL_SAI_RxHalfCpltCallback
 *fill*         0x000000000800125e        0x2 
 .text.HAL_SAI_ErrorCallback
                0x0000000008001260       0x1c ./Drivers/BSP/STM32F769I-Discovery/stm32f769i_discovery_audio.o
                0x0000000008001260                HAL_SAI_ErrorCallback
 .text.HAL_MspInit
                0x000000000800127c        0x2 ./Drivers/STM32F7xx_HAL_Driver/Src/stm32f7xx_hal.o
                0x000000000800127c                HAL_MspInit
 *fill*         0x000000000800127e        0x2 
 .text.HAL_InitTick
                0x0000000008001280       0x2c ./Drivers/STM32F7xx_HAL_Driver/Src/stm32f7xx_hal.o
                0x0000000008001280                HAL_InitTick
 .text.HAL_Init
                0x00000000080012ac       0x16 ./Drivers/STM32F7xx_HAL_Driver/Src/stm32f7xx_hal.o
                0x00000000080012ac                HAL_Init
 *fill*         0x00000000080012c2        0x2 
 .text.HAL_IncTick
                0x00000000080012c4       0x10 ./Drivers/STM32F7xx_HAL_Driver/Src/stm32f7xx_hal.o
                0x00000000080012c4                HAL_IncTick
 .text.HAL_GetTick
                0x00000000080012d4        0xc ./Drivers/STM32F7xx_HAL_Driver/Src/stm32f7xx_hal.o
                0x00000000080012d4                HAL_GetTick
 .text.HAL_Delay
                0x00000000080012e0       0x1c ./Drivers/STM32F7xx_HAL_Driver/Src/stm32f7xx_hal.o
                0x00000000080012e0                HAL_Delay
 .text.HAL_NVIC_SetPriorityGrouping
                0x00000000080012fc       0x24 ./Drivers/STM32F7xx_HAL_Driver/Src/stm32f7xx_hal_cortex.o
                0x00000000080012fc                HAL_NVIC_SetPriorityGrouping
 .text.HAL_NVIC_SetPriority
                0x0000000008001320       0x64 ./Drivers/STM32F7xx_HAL_Driver/Src/stm32f7xx_hal_cortex.o
                0x0000000008001320                HAL_NVIC_SetPriority
 .text.HAL_NVIC_EnableIRQ
                0x0000000008001384       0x18 ./Drivers/STM32F7xx_HAL_Driver/Src/stm32f7xx_hal_cortex.o
                0x0000000008001384                HAL_NVIC_EnableIRQ
 .text.HAL_SYSTICK_Config
                0x000000000800139c       0x2c ./Drivers/STM32F7xx_HAL_Driver/Src/stm32f7xx_hal_cortex.o
                0x000000000800139c                HAL_SYSTICK_Config
 .text.DMA_SetConfig
                0x00000000080013c8       0x2c ./Drivers/STM32F7xx_HAL_Driver/Src/stm32f7xx_hal_dma.o
 .text.DMA_CalcBaseAndBitshift
                0x00000000080013f4       0x40 ./Drivers/STM32F7xx_HAL_Driver/Src/stm32f7xx_hal_dma.o
 .text.DMA_CheckFifoParam
                0x0000000008001434       0x8e ./Drivers/STM32F7xx_HAL_Driver/Src/stm32f7xx_hal_dma.o
 *fill*         0x00000000080014c2        0x2 
 .text.HAL_DMA_Init
                0x00000000080014c4       0xcc ./Drivers/STM32F7xx_HAL_Driver/Src/stm32f7xx_hal_dma.o
                0x00000000080014c4                HAL_DMA_Init
 .text.HAL_DMA_DeInit
                0x0000000008001590       0x56 ./Drivers/STM32F7xx_HAL_Driver/Src/stm32f7xx_hal_dma.o
                0x0000000008001590                HAL_DMA_DeInit
 .text.HAL_DMA_Start_IT
                0x00000000080015e6       0x74 ./Drivers/STM32F7xx_HAL_Driver/Src/stm32f7xx_hal_dma.o
                0x00000000080015e6                HAL_DMA_Start_IT
 *fill*         0x000000000800165a        0x2 
 .text.HAL_DMA_IRQHandler
                0x000000000800165c      0x1e4 ./Drivers/STM32F7xx_HAL_Driver/Src/stm32f7xx_hal_dma.o
                0x000000000800165c                HAL_DMA_IRQHandler
 .text.HAL_GPIO_Init
                0x0000000008001840      0x1e0 ./Drivers/STM32F7xx_HAL_Driver/Src/stm32f7xx_hal_gpio.o
                0x0000000008001840                HAL_GPIO_Init
 .text.I2C_Flush_TXDR
                0x0000000008001a20       0x22 ./Drivers/STM32F7xx_HAL_Driver/Src/stm32f7xx_hal_i2c.o
 .text.I2C_TransferConfig
                0x0000000008001a42       0x2e ./Drivers/STM32F7xx_HAL_Driver/Src/stm32f7xx_hal_i2c.o
 .text.I2C_IsAcknowledgeFailed
                0x0000000008001a70       0x82 ./Drivers/STM32F7xx_HAL_Driver/Src/stm32f7xx_hal_i2c.o
 .text.I2C_WaitOnTXISFlagUntilTimeout
                0x0000000008001af2       0x54 ./Drivers/STM32F7xx_HAL_Driver/Src/stm32f7xx_hal_i2c.o
 .text.I2C_WaitOnFlagUntilTimeout
                0x0000000008001b46       0x4c ./Drivers/STM32F7xx_HAL_Driver/Src/stm32f7xx_hal_i2c.o
 .text.I2C_RequestMemoryWrite
                0x0000000008001b92       0x8c ./Drivers/STM32F7xx_HAL_Driver/Src/stm32f7xx_hal_i2c.o
 .text.I2C_RequestMemoryRead
                0x0000000008001c1e       0x8a ./Drivers/STM32F7xx_HAL_Driver/Src/stm32f7xx_hal_i2c.o
 .text.I2C_WaitOnSTOPFlagUntilTimeout
                0x0000000008001ca8       0x4e ./Drivers/STM32F7xx_HAL_Driver/Src/stm32f7xx_hal_i2c.o
 .text.HAL_I2C_MspInit
                0x0000000008001cf6        0x2 ./Drivers/STM32F7xx_HAL_Driver/Src/stm32f7xx_hal_i2c.o
                0x0000000008001cf6                HAL_I2C_MspInit
 .text.HAL_I2C_Init
                0x0000000008001cf8       0xbc ./Drivers/STM32F7xx_HAL_Driver/Src/stm32f7xx_hal_i2c.o
                0x0000000008001cf8                HAL_I2C_Init
 .text.HAL_I2C_MspDeInit
                0x0000000008001db4        0x2 ./Drivers/STM32F7xx_HAL_Driver/Src/stm32f7xx_hal_i2c.o
                0x0000000008001db4                HAL_I2C_MspDeInit
 .text.HAL_I2C_DeInit
                0x0000000008001db6       0x32 ./Drivers/STM32F7xx_HAL_Driver/Src/stm32f7xx_hal_i2c.o
                0x0000000008001db6                HAL_I2C_DeInit
 .text.HAL_I2C_Mem_Write
                0x0000000008001de8      0x1d4 ./Drivers/STM32F7xx_HAL_Driver/Src/stm32f7xx_hal_i2c.o
                0x0000000008001de8                HAL_I2C_Mem_Write
 .text.HAL_I2C_Mem_Read
                0x0000000008001fbc      0x1d0 ./Drivers/STM32F7xx_HAL_Driver/Src/stm32f7xx_hal_i2c.o
                0x0000000008001fbc                HAL_I2C_Mem_Read
 .text.HAL_I2C_GetState
                0x000000000800218c        0x6 ./Drivers/STM32F7xx_HAL_Driver/Src/stm32f7xx_hal_i2c.o
                0x000000000800218c                HAL_I2C_GetState
 *fill*         0x0000000008002192        0x2 
 .text.HAL_PWREx_EnableOverDrive
                0x0000000008002194       0x7c ./Drivers/STM32F7xx_HAL_Driver/Src/stm32f7xx_hal_pwr_ex.o
                0x0000000008002194                HAL_PWREx_EnableOverDrive
 .text.HAL_RCC_OscConfig
                0x0000000008002210      0x41c ./Drivers/STM32F7xx_HAL_Driver/Src/stm32f7xx_hal_rcc.o
                0x0000000008002210                HAL_RCC_OscConfig
 .text.HAL_RCC_GetSysClockFreq
                0x000000000800262c       0x94 ./Drivers/STM32F7xx_HAL_Driver/Src/stm32f7xx_hal_rcc.o
                0x000000000800262c                HAL_RCC_GetSysClockFreq
 .text.HAL_RCC_ClockConfig
                0x00000000080026c0      0x188 ./Drivers/STM32F7xx_HAL_Driver/Src/stm32f7xx_hal_rcc.o
                0x00000000080026c0                HAL_RCC_ClockConfig
 .text.HAL_RCC_GetHCLKFreq
                0x0000000008002848        0xc ./Drivers/STM32F7xx_HAL_Driver/Src/stm32f7xx_hal_rcc.o
                0x0000000008002848                HAL_RCC_GetHCLKFreq
 .text.HAL_RCC_GetPCLK1Freq
                0x0000000008002854       0x2c ./Drivers/STM32F7xx_HAL_Driver/Src/stm32f7xx_hal_rcc.o
                0x0000000008002854                HAL_RCC_GetPCLK1Freq
 .text.HAL_RCC_GetPCLK2Freq
                0x0000000008002880       0x2c ./Drivers/STM32F7xx_HAL_Driver/Src/stm32f7xx_hal_rcc.o
                0x0000000008002880                HAL_RCC_GetPCLK2Freq
 .text.HAL_RCCEx_PeriphCLKConfig
                0x00000000080028ac      0x804 ./Drivers/STM32F7xx_HAL_Driver/Src/stm32f7xx_hal_rcc_ex.o
                0x00000000080028ac                HAL_RCCEx_PeriphCLKConfig
 .text.HAL_RCCEx_GetPeriphCLKConfig
                0x00000000080030b0      0x20c ./Drivers/STM32F7xx_HAL_Driver/Src/stm32f7xx_hal_rcc_ex.o
                0x00000000080030b0                HAL_RCCEx_GetPeriphCLKConfig
 .text.HAL_RCCEx_GetPeriphCLKFreq
                0x00000000080032bc      0x1e8 ./Drivers/STM32F7xx_HAL_Driver/Src/stm32f7xx_hal_rcc_ex.o
                0x00000000080032bc                HAL_RCCEx_GetPeriphCLKFreq
 .text.SAI_InterruptFlag
                0x00000000080034a4       0x34 ./Drivers/STM32F7xx_HAL_Driver/Src/stm32f7xx_hal_sai.o
 .text.SAI_Disable
                0x00000000080034d8       0x44 ./Drivers/STM32F7xx_HAL_Driver/Src/stm32f7xx_hal_sai.o
 .text.HAL_SAI_MspInit
                0x000000000800351c        0x2 ./Drivers/STM32F7xx_HAL_Driver/Src/stm32f7xx_hal_sai.o
                0x000000000800351c                HAL_SAI_MspInit
 *fill*         0x000000000800351e        0x2 
 .text.HAL_SAI_Init
                0x0000000008003520      0x208 ./Drivers/STM32F7xx_HAL_Driver/Src/stm32f7xx_hal_sai.o
                0x0000000008003520                HAL_SAI_Init
 .text.HAL_SAI_MspDeInit
                0x0000000008003728        0x2 ./Drivers/STM32F7xx_HAL_Driver/Src/stm32f7xx_hal_sai.o
                0x0000000008003728                HAL_SAI_MspDeInit
 .text.HAL_SAI_DeInit
                0x000000000800372a       0x42 ./Drivers/STM32F7xx_HAL_Driver/Src/stm32f7xx_hal_sai.o
                0x000000000800372a                HAL_SAI_DeInit
 .text.HAL_SAI_Transmit_DMA
                0x000000000800376c       0xc8 ./Drivers/STM32F7xx_HAL_Driver/Src/stm32f7xx_hal_sai.o
                0x000000000800376c                HAL_SAI_Transmit_DMA
 .text.HAL_SAI_Receive_DMA
                0x0000000008003834       0xc8 ./Drivers/STM32F7xx_HAL_Driver/Src/stm32f7xx_hal_sai.o
                0x0000000008003834                HAL_SAI_Receive_DMA
 .text.SAI_DMATxCplt
                0x00000000080038fc       0x3c ./Drivers/STM32F7xx_HAL_Driver/Src/stm32f7xx_hal_sai.o
 .text.SAI_DMATxHalfCplt
                0x0000000008003938        0xa ./Drivers/STM32F7xx_HAL_Driver/Src/stm32f7xx_hal_sai.o
 .text.SAI_DMARxCplt
                0x0000000008003942       0x3c ./Drivers/STM32F7xx_HAL_Driver/Src/stm32f7xx_hal_sai.o
 .text.SAI_DMARxHalfCplt
                0x000000000800397e        0xa ./Drivers/STM32F7xx_HAL_Driver/Src/stm32f7xx_hal_sai.o
 .text.SAI_DMAError
                0x0000000008003988       0x46 ./Drivers/STM32F7xx_HAL_Driver/Src/stm32f7xx_hal_sai.o
 .text.HAL_SAI_GetState
                0x00000000080039ce        0x6 ./Drivers/STM32F7xx_HAL_Driver/Src/stm32f7xx_hal_sai.o
                0x00000000080039ce                HAL_SAI_GetState
 .text.UART_WaitOnFlagUntilTimeout
                0x00000000080039d4       0x68 ./Drivers/STM32F7xx_HAL_Driver/Src/stm32f7xx_hal_uart.o
                0x00000000080039d4                UART_WaitOnFlagUntilTimeout
 .text.HAL_UART_Transmit
                0x0000000008003a3c       0xd0 ./Drivers/STM32F7xx_HAL_Driver/Src/stm32f7xx_hal_uart.o
                0x0000000008003a3c                HAL_UART_Transmit
 .text.HAL_UART_Receive
                0x0000000008003b0c      0x114 ./Drivers/STM32F7xx_HAL_Driver/Src/stm32f7xx_hal_uart.o
                0x0000000008003b0c                HAL_UART_Receive
 .text.UART_SetConfig
                0x0000000008003c20      0x38c ./Drivers/STM32F7xx_HAL_Driver/Src/stm32f7xx_hal_uart.o
                0x0000000008003c20                UART_SetConfig
 .text.UART_AdvFeatureConfig
                0x0000000008003fac       0xca ./Drivers/STM32F7xx_HAL_Driver/Src/stm32f7xx_hal_uart.o
                0x0000000008003fac                UART_AdvFeatureConfig
 .text.UART_CheckIdleState
                0x0000000008004076       0x48 ./Drivers/STM32F7xx_HAL_Driver/Src/stm32f7xx_hal_uart.o
                0x0000000008004076                UART_CheckIdleState
 .text.HAL_UART_Init
                0x00000000080040be       0x66 ./Drivers/STM32F7xx_HAL_Driver/Src/stm32f7xx_hal_uart.o
                0x00000000080040be                HAL_UART_Init
 .text.AUDIO_LOOPBACK
                0x0000000008004124       0xe0 ./Src/audio.o
                0x0000000008004124                AUDIO_LOOPBACK
 .text.BSP_AUDIO_OUT_HalfTransfer_CallBack
                0x0000000008004204        0xc ./Src/audio.o
                0x0000000008004204                BSP_AUDIO_OUT_HalfTransfer_CallBack
 .text.BSP_AUDIO_IN_TransferComplete_CallBack
                0x0000000008004210        0xc ./Src/audio.o
                0x0000000008004210                BSP_AUDIO_IN_TransferComplete_CallBack
 .text.BSP_AUDIO_IN_HalfTransfer_CallBack
                0x000000000800421c        0xc ./Src/audio.o
                0x000000000800421c                BSP_AUDIO_IN_HalfTransfer_CallBack
 .text.BSP_AUDIO_IN_Error_CallBack
                0x0000000008004228        0x2 ./Src/audio.o
                0x0000000008004228                BSP_AUDIO_IN_Error_CallBack
 *fill*         0x000000000800422a        0x2 
 .text.SAIx_In_DeInit
                0x000000000800422c       0x34 ./Src/bsp_override.o
 .text.SAI_AUDIO_IN_MspInit
                0x0000000008004260      0x10c ./Src/bsp_override.o
 .text.SAIx_In_Init
                0x000000000800436c       0xf8 ./Src/bsp_override.o
 .text.BSP_AUDIO_IN_OUT_Init
                0x0000000008004464       0x88 ./Src/bsp_override.o
                0x0000000008004464                BSP_AUDIO_IN_OUT_Init
 .text._BSP_AUDIO_OUT_Play
                0x00000000080044ec       0x34 ./Src/bsp_override.o
                0x00000000080044ec                _BSP_AUDIO_OUT_Play
 .text.SystemClock_Config
                0x0000000008004520       0x68 ./Src/init.o
                0x0000000008004520                SystemClock_Config
 .text.CPU_CACHE_Enable
                0x0000000008004588       0x78 ./Src/init.o
                0x0000000008004588                CPU_CACHE_Enable
 .text.Sys_Init
                0x0000000008004600       0x24 ./Src/init.o
                0x0000000008004600                Sys_Init
 .text.SysTick_Handler
                0x0000000008004624        0x8 ./Src/init.o
                0x0000000008004624                SysTick_Handler
 .text.main     0x000000000800462c       0x20 ./Src/main.o
                0x000000000800462c                main
 .text.DMA2_Stream4_IRQHandler
                0x000000000800464c       0x10 ./Src/stm32f7xx_it.o
                0x000000000800464c                DMA2_Stream4_IRQHandler
 .text.DMA2_Stream1_IRQHandler
                0x000000000800465c       0x10 ./Src/stm32f7xx_it.o
                0x000000000800465c                DMA2_Stream1_IRQHandler
 .text.SystemInit
                0x000000000800466c       0x50 ./Src/system_stm32f7xx.o
                0x000000000800466c                SystemInit
 .text.HAL_UART_MspInit
                0x00000000080046bc       0xd4 ./Src/uart.o
                0x00000000080046bc                HAL_UART_MspInit
 .text.initUart
                0x0000000008004790       0x1a ./Src/uart.o
                0x0000000008004790                initUart
 *fill*         0x00000000080047aa        0x2 
 .text._write   0x00000000080047ac       0x18 ./Src/uart.o
                0x00000000080047ac                _write
 .text._read    0x00000000080047c4       0x1c ./Src/uart.o
                0x00000000080047c4                _read
 .text.CopyBuffer
                0x00000000080047e0       0x1e ./Src/util.o
                0x00000000080047e0                CopyBuffer
 *fill*         0x00000000080047fe        0x2 
 .text.Reset_Handler
                0x0000000008004800       0x50 ./startup/startup_stm32f769xx.o
                0x0000000008004800                Reset_Handler
 .text.Default_Handler
                0x0000000008004850        0x2 ./startup/startup_stm32f769xx.o
                0x0000000008004850                RTC_Alarm_IRQHandler
                0x0000000008004850                EXTI2_IRQHandler
                0x0000000008004850                TIM8_CC_IRQHandler
                0x0000000008004850                DebugMon_Handler
                0x0000000008004850                UART8_IRQHandler
                0x0000000008004850                SPI4_IRQHandler
                0x0000000008004850                TIM1_CC_IRQHandler
                0x0000000008004850                DMA2_Stream5_IRQHandler
                0x0000000008004850                HardFault_Handler
                0x0000000008004850                JPEG_IRQHandler
                0x0000000008004850                DMA1_Stream5_IRQHandler
                0x0000000008004850                CAN3_RX1_IRQHandler
                0x0000000008004850                PVD_IRQHandler
                0x0000000008004850                TAMP_STAMP_IRQHandler
                0x0000000008004850                PendSV_Handler
                0x0000000008004850                NMI_Handler
                0x0000000008004850                CAN2_RX1_IRQHandler
                0x0000000008004850                EXTI3_IRQHandler
                0x0000000008004850                TIM8_TRG_COM_TIM14_IRQHandler
                0x0000000008004850                DFSDM1_FLT1_IRQHandler
                0x0000000008004850                TIM1_UP_TIM10_IRQHandler
                0x0000000008004850                TIM8_UP_TIM13_IRQHandler
                0x0000000008004850                I2C3_ER_IRQHandler
                0x0000000008004850                DFSDM1_FLT2_IRQHandler
                0x0000000008004850                EXTI0_IRQHandler
                0x0000000008004850                I2C2_EV_IRQHandler
                0x0000000008004850                DMA1_Stream2_IRQHandler
                0x0000000008004850                CAN1_RX0_IRQHandler
                0x0000000008004850                FPU_IRQHandler
                0x0000000008004850                OTG_HS_WKUP_IRQHandler
                0x0000000008004850                CAN3_SCE_IRQHandler
                0x0000000008004850                UsageFault_Handler
                0x0000000008004850                LTDC_ER_IRQHandler
                0x0000000008004850                CAN2_SCE_IRQHandler
                0x0000000008004850                DMA2_Stream2_IRQHandler
                0x0000000008004850                SPI1_IRQHandler
                0x0000000008004850                TIM6_DAC_IRQHandler
                0x0000000008004850                TIM1_BRK_TIM9_IRQHandler
                0x0000000008004850                DCMI_IRQHandler
                0x0000000008004850                CAN2_RX0_IRQHandler
                0x0000000008004850                DMA2_Stream3_IRQHandler
                0x0000000008004850                SAI2_IRQHandler
                0x0000000008004850                DFSDM1_FLT3_IRQHandler
                0x0000000008004850                USART6_IRQHandler
                0x0000000008004850                CAN3_RX0_IRQHandler
                0x0000000008004850                USART3_IRQHandler
                0x0000000008004850                CAN1_RX1_IRQHandler
                0x0000000008004850                UART5_IRQHandler
                0x0000000008004850                DMA2_Stream0_IRQHandler
                0x0000000008004850                TIM4_IRQHandler
                0x0000000008004850                QUADSPI_IRQHandler
                0x0000000008004850                I2C1_EV_IRQHandler
                0x0000000008004850                DMA1_Stream6_IRQHandler
                0x0000000008004850                DMA1_Stream1_IRQHandler
                0x0000000008004850                UART4_IRQHandler
                0x0000000008004850                TIM3_IRQHandler
                0x0000000008004850                RCC_IRQHandler
                0x0000000008004850                TIM8_BRK_TIM12_IRQHandler
                0x0000000008004850                Default_Handler
                0x0000000008004850                CEC_IRQHandler
                0x0000000008004850                EXTI15_10_IRQHandler
                0x0000000008004850                ADC_IRQHandler
                0x0000000008004850                DMA1_Stream7_IRQHandler
                0x0000000008004850                SPI5_IRQHandler
                0x0000000008004850                TIM7_IRQHandler
                0x0000000008004850                SDMMC1_IRQHandler
                0x0000000008004850                CAN2_TX_IRQHandler
                0x0000000008004850                TIM5_IRQHandler
                0x0000000008004850                DMA2_Stream7_IRQHandler
                0x0000000008004850                I2C3_EV_IRQHandler
                0x0000000008004850                EXTI9_5_IRQHandler
                0x0000000008004850                RTC_WKUP_IRQHandler
                0x0000000008004850                LTDC_IRQHandler
                0x0000000008004850                ETH_WKUP_IRQHandler
                0x0000000008004850                SPDIF_RX_IRQHandler
                0x0000000008004850                SPI2_IRQHandler
                0x0000000008004850                OTG_HS_EP1_IN_IRQHandler
                0x0000000008004850                MemManage_Handler
                0x0000000008004850                DMA1_Stream0_IRQHandler
                0x0000000008004850                CAN1_TX_IRQHandler
                0x0000000008004850                SVC_Handler
                0x0000000008004850                EXTI4_IRQHandler
                0x0000000008004850                RNG_IRQHandler
                0x0000000008004850                DSI_IRQHandler
                0x0000000008004850                ETH_IRQHandler
                0x0000000008004850                OTG_HS_EP1_OUT_IRQHandler
                0x0000000008004850                WWDG_IRQHandler
                0x0000000008004850                SPI6_IRQHandler
                0x0000000008004850                MDIOS_IRQHandler
                0x0000000008004850                I2C4_EV_IRQHandler
                0x0000000008004850                CAN3_TX_IRQHandler
                0x0000000008004850                TIM2_IRQHandler
                0x0000000008004850                OTG_FS_WKUP_IRQHandler
                0x0000000008004850                TIM1_TRG_COM_TIM11_IRQHandler
                0x0000000008004850                OTG_HS_IRQHandler
                0x0000000008004850                DMA2D_IRQHandler
                0x0000000008004850                EXTI1_IRQHandler
                0x0000000008004850                SDMMC2_IRQHandler
                0x0000000008004850                UART7_IRQHandler
                0x0000000008004850                USART2_IRQHandler
                0x0000000008004850                DFSDM1_FLT0_IRQHandler
                0x0000000008004850                I2C2_ER_IRQHandler
                0x0000000008004850                CAN1_SCE_IRQHandler
                0x0000000008004850                FLASH_IRQHandler
                0x0000000008004850                BusFault_Handler
                0x0000000008004850                USART1_IRQHandler
                0x0000000008004850                OTG_FS_IRQHandler
                0x0000000008004850                SPI3_IRQHandler
                0x0000000008004850                DMA1_Stream4_IRQHandler
                0x0000000008004850                I2C1_ER_IRQHandler
                0x0000000008004850                FMC_IRQHandler
                0x0000000008004850                LPTIM1_IRQHandler
                0x0000000008004850                I2C4_ER_IRQHandler
                0x0000000008004850                DMA2_Stream6_IRQHandler
                0x0000000008004850                SAI1_IRQHandler
                0x0000000008004850                DMA1_Stream3_IRQHandler
 *fill*         0x0000000008004852        0x2 
 .text.__libc_init_array
                0x0000000008004854       0x48 e:/programs/stm32cubeide_1.7.0/stm32cubeide/plugins/com.st.stm32cube.ide.mcu.externaltools.gnu-tools-for-stm32.9-2020-q2-update.win32_2.0.0.202105311346/tools/bin/../lib/gcc/arm-none-eabi/9.3.1/../../../../arm-none-eabi/lib/thumb/v7e-m+dp/hard\libc_nano.a(lib_a-init.o)
                0x0000000008004854                __libc_init_array
 .text.memset   0x000000000800489c       0x10 e:/programs/stm32cubeide_1.7.0/stm32cubeide/plugins/com.st.stm32cube.ide.mcu.externaltools.gnu-tools-for-stm32.9-2020-q2-update.win32_2.0.0.202105311346/tools/bin/../lib/gcc/arm-none-eabi/9.3.1/../../../../arm-none-eabi/lib/thumb/v7e-m+dp/hard\libc_nano.a(lib_a-memset.o)
                0x000000000800489c                memset
 .text.printf   0x00000000080048ac       0x30 e:/programs/stm32cubeide_1.7.0/stm32cubeide/plugins/com.st.stm32cube.ide.mcu.externaltools.gnu-tools-for-stm32.9-2020-q2-update.win32_2.0.0.202105311346/tools/bin/../lib/gcc/arm-none-eabi/9.3.1/../../../../arm-none-eabi/lib/thumb/v7e-m+dp/hard\libc_nano.a(lib_a-printf.o)
                0x00000000080048ac                iprintf
                0x00000000080048ac                printf
 .text._puts_r  0x00000000080048dc       0xdc e:/programs/stm32cubeide_1.7.0/stm32cubeide/plugins/com.st.stm32cube.ide.mcu.externaltools.gnu-tools-for-stm32.9-2020-q2-update.win32_2.0.0.202105311346/tools/bin/../lib/gcc/arm-none-eabi/9.3.1/../../../../arm-none-eabi/lib/thumb/v7e-m+dp/hard\libc_nano.a(lib_a-puts.o)
                0x00000000080048dc                _puts_r
 .text.puts     0x00000000080049b8       0x10 e:/programs/stm32cubeide_1.7.0/stm32cubeide/plugins/com.st.stm32cube.ide.mcu.externaltools.gnu-tools-for-stm32.9-2020-q2-update.win32_2.0.0.202105311346/tools/bin/../lib/gcc/arm-none-eabi/9.3.1/../../../../arm-none-eabi/lib/thumb/v7e-m+dp/hard\libc_nano.a(lib_a-puts.o)
                0x00000000080049b8                puts
 .text.__swbuf_r
                0x00000000080049c8       0xa4 e:/programs/stm32cubeide_1.7.0/stm32cubeide/plugins/com.st.stm32cube.ide.mcu.externaltools.gnu-tools-for-stm32.9-2020-q2-update.win32_2.0.0.202105311346/tools/bin/../lib/gcc/arm-none-eabi/9.3.1/../../../../arm-none-eabi/lib/thumb/v7e-m+dp/hard\libc_nano.a(lib_a-wbuf.o)
                0x00000000080049c8                __swbuf_r
 .text.__swsetup_r
                0x0000000008004a6c       0xdc e:/programs/stm32cubeide_1.7.0/stm32cubeide/plugins/com.st.stm32cube.ide.mcu.externaltools.gnu-tools-for-stm32.9-2020-q2-update.win32_2.0.0.202105311346/tools/bin/../lib/gcc/arm-none-eabi/9.3.1/../../../../arm-none-eabi/lib/thumb/v7e-m+dp/hard\libc_nano.a(lib_a-wsetup.o)
                0x0000000008004a6c                __swsetup_r
 .text.__sflush_r
                0x0000000008004b48      0x10c e:/programs/stm32cubeide_1.7.0/stm32cubeide/plugins/com.st.stm32cube.ide.mcu.externaltools.gnu-tools-for-stm32.9-2020-q2-update.win32_2.0.0.202105311346/tools/bin/../lib/gcc/arm-none-eabi/9.3.1/../../../../arm-none-eabi/lib/thumb/v7e-m+dp/hard\libc_nano.a(lib_a-fflush.o)
                0x0000000008004b48                __sflush_r
 .text._fflush_r
                0x0000000008004c54       0x78 e:/programs/stm32cubeide_1.7.0/stm32cubeide/plugins/com.st.stm32cube.ide.mcu.externaltools.gnu-tools-for-stm32.9-2020-q2-update.win32_2.0.0.202105311346/tools/bin/../lib/gcc/arm-none-eabi/9.3.1/../../../../arm-none-eabi/lib/thumb/v7e-m+dp/hard\libc_nano.a(lib_a-fflush.o)
                0x0000000008004c54                _fflush_r
 .text.std      0x0000000008004ccc       0x48 e:/programs/stm32cubeide_1.7.0/stm32cubeide/plugins/com.st.stm32cube.ide.mcu.externaltools.gnu-tools-for-stm32.9-2020-q2-update.win32_2.0.0.202105311346/tools/bin/../lib/gcc/arm-none-eabi/9.3.1/../../../../arm-none-eabi/lib/thumb/v7e-m+dp/hard\libc_nano.a(lib_a-findfp.o)
 .text._cleanup_r
                0x0000000008004d14        0xc e:/programs/stm32cubeide_1.7.0/stm32cubeide/plugins/com.st.stm32cube.ide.mcu.externaltools.gnu-tools-for-stm32.9-2020-q2-update.win32_2.0.0.202105311346/tools/bin/../lib/gcc/arm-none-eabi/9.3.1/../../../../arm-none-eabi/lib/thumb/v7e-m+dp/hard\libc_nano.a(lib_a-findfp.o)
                0x0000000008004d14                _cleanup_r
 .text.__sfmoreglue
                0x0000000008004d20       0x2c e:/programs/stm32cubeide_1.7.0/stm32cubeide/plugins/com.st.stm32cube.ide.mcu.externaltools.gnu-tools-for-stm32.9-2020-q2-update.win32_2.0.0.202105311346/tools/bin/../lib/gcc/arm-none-eabi/9.3.1/../../../../arm-none-eabi/lib/thumb/v7e-m+dp/hard\libc_nano.a(lib_a-findfp.o)
                0x0000000008004d20                __sfmoreglue
 .text.__sfp_lock_acquire
                0x0000000008004d4c        0xc e:/programs/stm32cubeide_1.7.0/stm32cubeide/plugins/com.st.stm32cube.ide.mcu.externaltools.gnu-tools-for-stm32.9-2020-q2-update.win32_2.0.0.202105311346/tools/bin/../lib/gcc/arm-none-eabi/9.3.1/../../../../arm-none-eabi/lib/thumb/v7e-m+dp/hard\libc_nano.a(lib_a-findfp.o)
                0x0000000008004d4c                __sfp_lock_acquire
 .text.__sfp_lock_release
                0x0000000008004d58        0xc e:/programs/stm32cubeide_1.7.0/stm32cubeide/plugins/com.st.stm32cube.ide.mcu.externaltools.gnu-tools-for-stm32.9-2020-q2-update.win32_2.0.0.202105311346/tools/bin/../lib/gcc/arm-none-eabi/9.3.1/../../../../arm-none-eabi/lib/thumb/v7e-m+dp/hard\libc_nano.a(lib_a-findfp.o)
                0x0000000008004d58                __sfp_lock_release
 .text.__sinit_lock_acquire
                0x0000000008004d64        0xc e:/programs/stm32cubeide_1.7.0/stm32cubeide/plugins/com.st.stm32cube.ide.mcu.externaltools.gnu-tools-for-stm32.9-2020-q2-update.win32_2.0.0.202105311346/tools/bin/../lib/gcc/arm-none-eabi/9.3.1/../../../../arm-none-eabi/lib/thumb/v7e-m+dp/hard\libc_nano.a(lib_a-findfp.o)
                0x0000000008004d64                __sinit_lock_acquire
 .text.__sinit_lock_release
                0x0000000008004d70        0xc e:/programs/stm32cubeide_1.7.0/stm32cubeide/plugins/com.st.stm32cube.ide.mcu.externaltools.gnu-tools-for-stm32.9-2020-q2-update.win32_2.0.0.202105311346/tools/bin/../lib/gcc/arm-none-eabi/9.3.1/../../../../arm-none-eabi/lib/thumb/v7e-m+dp/hard\libc_nano.a(lib_a-findfp.o)
                0x0000000008004d70                __sinit_lock_release
 .text.__sinit  0x0000000008004d7c       0x70 e:/programs/stm32cubeide_1.7.0/stm32cubeide/plugins/com.st.stm32cube.ide.mcu.externaltools.gnu-tools-for-stm32.9-2020-q2-update.win32_2.0.0.202105311346/tools/bin/../lib/gcc/arm-none-eabi/9.3.1/../../../../arm-none-eabi/lib/thumb/v7e-m+dp/hard\libc_nano.a(lib_a-findfp.o)
                0x0000000008004d7c                __sinit
 .text.__sfp    0x0000000008004dec       0x8c e:/programs/stm32cubeide_1.7.0/stm32cubeide/plugins/com.st.stm32cube.ide.mcu.externaltools.gnu-tools-for-stm32.9-2020-q2-update.win32_2.0.0.202105311346/tools/bin/../lib/gcc/arm-none-eabi/9.3.1/../../../../arm-none-eabi/lib/thumb/v7e-m+dp/hard\libc_nano.a(lib_a-findfp.o)
                0x0000000008004dec                __sfp
 .text._fwalk_reent
                0x0000000008004e78       0x3e e:/programs/stm32cubeide_1.7.0/stm32cubeide/plugins/com.st.stm32cube.ide.mcu.externaltools.gnu-tools-for-stm32.9-2020-q2-update.win32_2.0.0.202105311346/tools/bin/../lib/gcc/arm-none-eabi/9.3.1/../../../../arm-none-eabi/lib/thumb/v7e-m+dp/hard\libc_nano.a(lib_a-fwalk.o)
                0x0000000008004e78                _fwalk_reent
 .text.__retarget_lock_init_recursive
                0x0000000008004eb6        0x2 e:/programs/stm32cubeide_1.7.0/stm32cubeide/plugins/com.st.stm32cube.ide.mcu.externaltools.gnu-tools-for-stm32.9-2020-q2-update.win32_2.0.0.202105311346/tools/bin/../lib/gcc/arm-none-eabi/9.3.1/../../../../arm-none-eabi/lib/thumb/v7e-m+dp/hard\libc_nano.a(lib_a-lock.o)
                0x0000000008004eb6                __retarget_lock_init_recursive
 .text.__retarget_lock_acquire_recursive
                0x0000000008004eb8        0x2 e:/programs/stm32cubeide_1.7.0/stm32cubeide/plugins/com.st.stm32cube.ide.mcu.externaltools.gnu-tools-for-stm32.9-2020-q2-update.win32_2.0.0.202105311346/tools/bin/../lib/gcc/arm-none-eabi/9.3.1/../../../../arm-none-eabi/lib/thumb/v7e-m+dp/hard\libc_nano.a(lib_a-lock.o)
                0x0000000008004eb8                __retarget_lock_acquire_recursive
 .text.__retarget_lock_release_recursive
                0x0000000008004eba        0x2 e:/programs/stm32cubeide_1.7.0/stm32cubeide/plugins/com.st.stm32cube.ide.mcu.externaltools.gnu-tools-for-stm32.9-2020-q2-update.win32_2.0.0.202105311346/tools/bin/../lib/gcc/arm-none-eabi/9.3.1/../../../../arm-none-eabi/lib/thumb/v7e-m+dp/hard\libc_nano.a(lib_a-lock.o)
                0x0000000008004eba                __retarget_lock_release_recursive
 .text.__swhatbuf_r
                0x0000000008004ebc       0x48 e:/programs/stm32cubeide_1.7.0/stm32cubeide/plugins/com.st.stm32cube.ide.mcu.externaltools.gnu-tools-for-stm32.9-2020-q2-update.win32_2.0.0.202105311346/tools/bin/../lib/gcc/arm-none-eabi/9.3.1/../../../../arm-none-eabi/lib/thumb/v7e-m+dp/hard\libc_nano.a(lib_a-makebuf.o)
                0x0000000008004ebc                __swhatbuf_r
 .text.__smakebuf_r
                0x0000000008004f04       0x80 e:/programs/stm32cubeide_1.7.0/stm32cubeide/plugins/com.st.stm32cube.ide.mcu.externaltools.gnu-tools-for-stm32.9-2020-q2-update.win32_2.0.0.202105311346/tools/bin/../lib/gcc/arm-none-eabi/9.3.1/../../../../arm-none-eabi/lib/thumb/v7e-m+dp/hard\libc_nano.a(lib_a-makebuf.o)
                0x0000000008004f04                __smakebuf_r
 .text._free_r  0x0000000008004f84       0xa0 e:/programs/stm32cubeide_1.7.0/stm32cubeide/plugins/com.st.stm32cube.ide.mcu.externaltools.gnu-tools-for-stm32.9-2020-q2-update.win32_2.0.0.202105311346/tools/bin/../lib/gcc/arm-none-eabi/9.3.1/../../../../arm-none-eabi/lib/thumb/v7e-m+dp/hard\libc_nano.a(lib_a-nano-freer.o)
                0x0000000008004f84                _free_r
 .text._malloc_r
                0x0000000008005024       0xb4 e:/programs/stm32cubeide_1.7.0/stm32cubeide/plugins/com.st.stm32cube.ide.mcu.externaltools.gnu-tools-for-stm32.9-2020-q2-update.win32_2.0.0.202105311346/tools/bin/../lib/gcc/arm-none-eabi/9.3.1/../../../../arm-none-eabi/lib/thumb/v7e-m+dp/hard\libc_nano.a(lib_a-nano-mallocr.o)
                0x0000000008005024                _malloc_r
 .text.__sfputc_r
                0x00000000080050d8       0x2e e:/programs/stm32cubeide_1.7.0/stm32cubeide/plugins/com.st.stm32cube.ide.mcu.externaltools.gnu-tools-for-stm32.9-2020-q2-update.win32_2.0.0.202105311346/tools/bin/../lib/gcc/arm-none-eabi/9.3.1/../../../../arm-none-eabi/lib/thumb/v7e-m+dp/hard\libc_nano.a(lib_a-nano-vfprintf.o)
 .text.__sfputs_r
                0x0000000008005106       0x24 e:/programs/stm32cubeide_1.7.0/stm32cubeide/plugins/com.st.stm32cube.ide.mcu.externaltools.gnu-tools-for-stm32.9-2020-q2-update.win32_2.0.0.202105311346/tools/bin/../lib/gcc/arm-none-eabi/9.3.1/../../../../arm-none-eabi/lib/thumb/v7e-m+dp/hard\libc_nano.a(lib_a-nano-vfprintf.o)
                0x0000000008005106                __sfputs_r
 *fill*         0x000000000800512a        0x2 
 .text._vfprintf_r
                0x000000000800512c      0x260 e:/programs/stm32cubeide_1.7.0/stm32cubeide/plugins/com.st.stm32cube.ide.mcu.externaltools.gnu-tools-for-stm32.9-2020-q2-update.win32_2.0.0.202105311346/tools/bin/../lib/gcc/arm-none-eabi/9.3.1/../../../../arm-none-eabi/lib/thumb/v7e-m+dp/hard\libc_nano.a(lib_a-nano-vfprintf.o)
                0x000000000800512c                _vfprintf_r
                0x000000000800512c                _vfiprintf_r
 .text._printf_common
                0x000000000800538c       0xda e:/programs/stm32cubeide_1.7.0/stm32cubeide/plugins/com.st.stm32cube.ide.mcu.externaltools.gnu-tools-for-stm32.9-2020-q2-update.win32_2.0.0.202105311346/tools/bin/../lib/gcc/arm-none-eabi/9.3.1/../../../../arm-none-eabi/lib/thumb/v7e-m+dp/hard\libc_nano.a(lib_a-nano-vfprintf_i.o)
                0x000000000800538c                _printf_common
 *fill*         0x0000000008005466        0x2 
 .text._printf_i
                0x0000000008005468      0x24c e:/programs/stm32cubeide_1.7.0/stm32cubeide/plugins/com.st.stm32cube.ide.mcu.externaltools.gnu-tools-for-stm32.9-2020-q2-update.win32_2.0.0.202105311346/tools/bin/../lib/gcc/arm-none-eabi/9.3.1/../../../../arm-none-eabi/lib/thumb/v7e-m+dp/hard\libc_nano.a(lib_a-nano-vfprintf_i.o)
                0x0000000008005468                _printf_i
 .text._sbrk_r  0x00000000080056b4       0x20 e:/programs/stm32cubeide_1.7.0/stm32cubeide/plugins/com.st.stm32cube.ide.mcu.externaltools.gnu-tools-for-stm32.9-2020-q2-update.win32_2.0.0.202105311346/tools/bin/../lib/gcc/arm-none-eabi/9.3.1/../../../../arm-none-eabi/lib/thumb/v7e-m+dp/hard\libc_nano.a(lib_a-sbrkr.o)
                0x00000000080056b4                _sbrk_r
 .text.__sread  0x00000000080056d4       0x22 e:/programs/stm32cubeide_1.7.0/stm32cubeide/plugins/com.st.stm32cube.ide.mcu.externaltools.gnu-tools-for-stm32.9-2020-q2-update.win32_2.0.0.202105311346/tools/bin/../lib/gcc/arm-none-eabi/9.3.1/../../../../arm-none-eabi/lib/thumb/v7e-m+dp/hard\libc_nano.a(lib_a-stdio.o)
                0x00000000080056d4                __sread
 .text.__swrite
                0x00000000080056f6       0x38 e:/programs/stm32cubeide_1.7.0/stm32cubeide/plugins/com.st.stm32cube.ide.mcu.externaltools.gnu-tools-for-stm32.9-2020-q2-update.win32_2.0.0.202105311346/tools/bin/../lib/gcc/arm-none-eabi/9.3.1/../../../../arm-none-eabi/lib/thumb/v7e-m+dp/hard\libc_nano.a(lib_a-stdio.o)
                0x00000000080056f6                __swrite
 .text.__sseek  0x000000000800572e       0x24 e:/programs/stm32cubeide_1.7.0/stm32cubeide/plugins/com.st.stm32cube.ide.mcu.externaltools.gnu-tools-for-stm32.9-2020-q2-update.win32_2.0.0.202105311346/tools/bin/../lib/gcc/arm-none-eabi/9.3.1/../../../../arm-none-eabi/lib/thumb/v7e-m+dp/hard\libc_nano.a(lib_a-stdio.o)
                0x000000000800572e                __sseek
 .text.__sclose
                0x0000000008005752        0x8 e:/programs/stm32cubeide_1.7.0/stm32cubeide/plugins/com.st.stm32cube.ide.mcu.externaltools.gnu-tools-for-stm32.9-2020-q2-update.win32_2.0.0.202105311346/tools/bin/../lib/gcc/arm-none-eabi/9.3.1/../../../../arm-none-eabi/lib/thumb/v7e-m+dp/hard\libc_nano.a(lib_a-stdio.o)
                0x0000000008005752                __sclose
 *fill*         0x000000000800575a        0x2 
 .text._write_r
                0x000000000800575c       0x24 e:/programs/stm32cubeide_1.7.0/stm32cubeide/plugins/com.st.stm32cube.ide.mcu.externaltools.gnu-tools-for-stm32.9-2020-q2-update.win32_2.0.0.202105311346/tools/bin/../lib/gcc/arm-none-eabi/9.3.1/../../../../arm-none-eabi/lib/thumb/v7e-m+dp/hard\libc_nano.a(lib_a-writer.o)
                0x000000000800575c                _write_r
 .text._close_r
                0x0000000008005780       0x20 e:/programs/stm32cubeide_1.7.0/stm32cubeide/plugins/com.st.stm32cube.ide.mcu.externaltools.gnu-tools-for-stm32.9-2020-q2-update.win32_2.0.0.202105311346/tools/bin/../lib/gcc/arm-none-eabi/9.3.1/../../../../arm-none-eabi/lib/thumb/v7e-m+dp/hard\libc_nano.a(lib_a-closer.o)
                0x0000000008005780                _close_r
 .text._fstat_r
                0x00000000080057a0       0x24 e:/programs/stm32cubeide_1.7.0/stm32cubeide/plugins/com.st.stm32cube.ide.mcu.externaltools.gnu-tools-for-stm32.9-2020-q2-update.win32_2.0.0.202105311346/tools/bin/../lib/gcc/arm-none-eabi/9.3.1/../../../../arm-none-eabi/lib/thumb/v7e-m+dp/hard\libc_nano.a(lib_a-fstatr.o)
                0x00000000080057a0                _fstat_r
 .text._isatty_r
                0x00000000080057c4       0x20 e:/programs/stm32cubeide_1.7.0/stm32cubeide/plugins/com.st.stm32cube.ide.mcu.externaltools.gnu-tools-for-stm32.9-2020-q2-update.win32_2.0.0.202105311346/tools/bin/../lib/gcc/arm-none-eabi/9.3.1/../../../../arm-none-eabi/lib/thumb/v7e-m+dp/hard\libc_nano.a(lib_a-isattyr.o)
                0x00000000080057c4                _isatty_r
 .text._lseek_r
                0x00000000080057e4       0x24 e:/programs/stm32cubeide_1.7.0/stm32cubeide/plugins/com.st.stm32cube.ide.mcu.externaltools.gnu-tools-for-stm32.9-2020-q2-update.win32_2.0.0.202105311346/tools/bin/../lib/gcc/arm-none-eabi/9.3.1/../../../../arm-none-eabi/lib/thumb/v7e-m+dp/hard\libc_nano.a(lib_a-lseekr.o)
                0x00000000080057e4                _lseek_r
 .text.__malloc_lock
                0x0000000008005808        0xc e:/programs/stm32cubeide_1.7.0/stm32cubeide/plugins/com.st.stm32cube.ide.mcu.externaltools.gnu-tools-for-stm32.9-2020-q2-update.win32_2.0.0.202105311346/tools/bin/../lib/gcc/arm-none-eabi/9.3.1/../../../../arm-none-eabi/lib/thumb/v7e-m+dp/hard\libc_nano.a(lib_a-mlock.o)
                0x0000000008005808                __malloc_lock
 .text.__malloc_unlock
                0x0000000008005814        0xc e:/programs/stm32cubeide_1.7.0/stm32cubeide/plugins/com.st.stm32cube.ide.mcu.externaltools.gnu-tools-for-stm32.9-2020-q2-update.win32_2.0.0.202105311346/tools/bin/../lib/gcc/arm-none-eabi/9.3.1/../../../../arm-none-eabi/lib/thumb/v7e-m+dp/hard\libc_nano.a(lib_a-mlock.o)
                0x0000000008005814                __malloc_unlock
 .text._read_r  0x0000000008005820       0x24 e:/programs/stm32cubeide_1.7.0/stm32cubeide/plugins/com.st.stm32cube.ide.mcu.externaltools.gnu-tools-for-stm32.9-2020-q2-update.win32_2.0.0.202105311346/tools/bin/../lib/gcc/arm-none-eabi/9.3.1/../../../../arm-none-eabi/lib/thumb/v7e-m+dp/hard\libc_nano.a(lib_a-readr.o)
                0x0000000008005820                _read_r
 .text._close   0x0000000008005844       0x10 e:/programs/stm32cubeide_1.7.0/stm32cubeide/plugins/com.st.stm32cube.ide.mcu.externaltools.gnu-tools-for-stm32.9-2020-q2-update.win32_2.0.0.202105311346/tools/bin/../lib/gcc/arm-none-eabi/9.3.1/../../../../arm-none-eabi/lib/thumb/v7e-m+dp/hard\libnosys.a(close.o)
                0x0000000008005844                _close
 .text._fstat   0x0000000008005854       0x10 e:/programs/stm32cubeide_1.7.0/stm32cubeide/plugins/com.st.stm32cube.ide.mcu.externaltools.gnu-tools-for-stm32.9-2020-q2-update.win32_2.0.0.202105311346/tools/bin/../lib/gcc/arm-none-eabi/9.3.1/../../../../arm-none-eabi/lib/thumb/v7e-m+dp/hard\libnosys.a(fstat.o)
                0x0000000008005854                _fstat
 .text._isatty  0x0000000008005864       0x10 e:/programs/stm32cubeide_1.7.0/stm32cubeide/plugins/com.st.stm32cube.ide.mcu.externaltools.gnu-tools-for-stm32.9-2020-q2-update.win32_2.0.0.202105311346/tools/bin/../lib/gcc/arm-none-eabi/9.3.1/../../../../arm-none-eabi/lib/thumb/v7e-m+dp/hard\libnosys.a(isatty.o)
                0x0000000008005864                _isatty
 .text._lseek   0x0000000008005874       0x10 e:/programs/stm32cubeide_1.7.0/stm32cubeide/plugins/com.st.stm32cube.ide.mcu.externaltools.gnu-tools-for-stm32.9-2020-q2-update.win32_2.0.0.202105311346/tools/bin/../lib/gcc/arm-none-eabi/9.3.1/../../../../arm-none-eabi/lib/thumb/v7e-m+dp/hard\libnosys.a(lseek.o)
                0x0000000008005874                _lseek
 .text._sbrk    0x0000000008005884       0x1c e:/programs/stm32cubeide_1.7.0/stm32cubeide/plugins/com.st.stm32cube.ide.mcu.externaltools.gnu-tools-for-stm32.9-2020-q2-update.win32_2.0.0.202105311346/tools/bin/../lib/gcc/arm-none-eabi/9.3.1/../../../../arm-none-eabi/lib/thumb/v7e-m+dp/hard\libnosys.a(sbrk.o)
                0x0000000008005884                _sbrk
 *(.glue_7)
 .glue_7        0x00000000080058a0        0x0 linker stubs
 *(.glue_7t)
 .glue_7t       0x00000000080058a0        0x0 linker stubs
 *(.eh_frame)
 .eh_frame      0x00000000080058a0        0x0 e:/programs/stm32cubeide_1.7.0/stm32cubeide/plugins/com.st.stm32cube.ide.mcu.externaltools.gnu-tools-for-stm32.9-2020-q2-update.win32_2.0.0.202105311346/tools/bin/../lib/gcc/arm-none-eabi/9.3.1/thumb/v7e-m+dp/hard/crtbegin.o
 *(.init)
 .init          0x00000000080058a0        0x4 e:/programs/stm32cubeide_1.7.0/stm32cubeide/plugins/com.st.stm32cube.ide.mcu.externaltools.gnu-tools-for-stm32.9-2020-q2-update.win32_2.0.0.202105311346/tools/bin/../lib/gcc/arm-none-eabi/9.3.1/thumb/v7e-m+dp/hard/crti.o
                0x00000000080058a0                _init
 .init          0x00000000080058a4        0x8 e:/programs/stm32cubeide_1.7.0/stm32cubeide/plugins/com.st.stm32cube.ide.mcu.externaltools.gnu-tools-for-stm32.9-2020-q2-update.win32_2.0.0.202105311346/tools/bin/../lib/gcc/arm-none-eabi/9.3.1/thumb/v7e-m+dp/hard/crtn.o
 *(.fini)
 .fini          0x00000000080058ac        0x4 e:/programs/stm32cubeide_1.7.0/stm32cubeide/plugins/com.st.stm32cube.ide.mcu.externaltools.gnu-tools-for-stm32.9-2020-q2-update.win32_2.0.0.202105311346/tools/bin/../lib/gcc/arm-none-eabi/9.3.1/thumb/v7e-m+dp/hard/crti.o
                0x00000000080058ac                _fini
 .fini          0x00000000080058b0        0x8 e:/programs/stm32cubeide_1.7.0/stm32cubeide/plugins/com.st.stm32cube.ide.mcu.externaltools.gnu-tools-for-stm32.9-2020-q2-update.win32_2.0.0.202105311346/tools/bin/../lib/gcc/arm-none-eabi/9.3.1/thumb/v7e-m+dp/hard/crtn.o
                0x00000000080058b8                . = ALIGN (0x4)
                0x00000000080058b8                _etext = .

.vfp11_veneer   0x00000000080058b8        0x0
 .vfp11_veneer  0x00000000080058b8        0x0 linker stubs

.v4_bx          0x00000000080058b8        0x0
 .v4_bx         0x00000000080058b8        0x0 linker stubs

.iplt           0x00000000080058b8        0x0
 .iplt          0x00000000080058b8        0x0 e:/programs/stm32cubeide_1.7.0/stm32cubeide/plugins/com.st.stm32cube.ide.mcu.externaltools.gnu-tools-for-stm32.9-2020-q2-update.win32_2.0.0.202105311346/tools/bin/../lib/gcc/arm-none-eabi/9.3.1/thumb/v7e-m+dp/hard/crtbegin.o

.rodata         0x00000000080058b8      0x1ac
                0x00000000080058b8                . = ALIGN (0x4)
 *(.rodata)
 .rodata        0x00000000080058b8        0x8 ./Drivers/STM32F7xx_HAL_Driver/Src/stm32f7xx_hal_dma.o
 .rodata        0x00000000080058c0       0x18 ./Src/system_stm32f7xx.o
                0x00000000080058c0                AHBPrescTable
                0x00000000080058d0                APBPrescTable
 *(.rodata*)
 .rodata.str1.4
                0x00000000080058d8       0xc8 ./Src/audio.o
                                         0xca (size before relaxing)
 .rodata.str1.4
                0x00000000080059a0       0x2b ./Src/main.o
                                         0x2e (size before relaxing)
 *fill*         0x00000000080059cb        0x1 
 .rodata._global_impure_ptr
                0x00000000080059cc        0x4 e:/programs/stm32cubeide_1.7.0/stm32cubeide/plugins/com.st.stm32cube.ide.mcu.externaltools.gnu-tools-for-stm32.9-2020-q2-update.win32_2.0.0.202105311346/tools/bin/../lib/gcc/arm-none-eabi/9.3.1/../../../../arm-none-eabi/lib/thumb/v7e-m+dp/hard\libc_nano.a(lib_a-impure.o)
                0x00000000080059cc                _global_impure_ptr
 .rodata.__sf_fake_stderr
                0x00000000080059d0       0x20 e:/programs/stm32cubeide_1.7.0/stm32cubeide/plugins/com.st.stm32cube.ide.mcu.externaltools.gnu-tools-for-stm32.9-2020-q2-update.win32_2.0.0.202105311346/tools/bin/../lib/gcc/arm-none-eabi/9.3.1/../../../../arm-none-eabi/lib/thumb/v7e-m+dp/hard\libc_nano.a(lib_a-findfp.o)
                0x00000000080059d0                __sf_fake_stderr
 .rodata.__sf_fake_stdin
                0x00000000080059f0       0x20 e:/programs/stm32cubeide_1.7.0/stm32cubeide/plugins/com.st.stm32cube.ide.mcu.externaltools.gnu-tools-for-stm32.9-2020-q2-update.win32_2.0.0.202105311346/tools/bin/../lib/gcc/arm-none-eabi/9.3.1/../../../../arm-none-eabi/lib/thumb/v7e-m+dp/hard\libc_nano.a(lib_a-findfp.o)
                0x00000000080059f0                __sf_fake_stdin
 .rodata.__sf_fake_stdout
                0x0000000008005a10       0x20 e:/programs/stm32cubeide_1.7.0/stm32cubeide/plugins/com.st.stm32cube.ide.mcu.externaltools.gnu-tools-for-stm32.9-2020-q2-update.win32_2.0.0.202105311346/tools/bin/../lib/gcc/arm-none-eabi/9.3.1/../../../../arm-none-eabi/lib/thumb/v7e-m+dp/hard\libc_nano.a(lib_a-findfp.o)
                0x0000000008005a10                __sf_fake_stdout
 .rodata._vfprintf_r.str1.1
                0x0000000008005a30       0x11 e:/programs/stm32cubeide_1.7.0/stm32cubeide/plugins/com.st.stm32cube.ide.mcu.externaltools.gnu-tools-for-stm32.9-2020-q2-update.win32_2.0.0.202105311346/tools/bin/../lib/gcc/arm-none-eabi/9.3.1/../../../../arm-none-eabi/lib/thumb/v7e-m+dp/hard\libc_nano.a(lib_a-nano-vfprintf.o)
 .rodata._printf_i.str1.1
                0x0000000008005a41       0x22 e:/programs/stm32cubeide_1.7.0/stm32cubeide/plugins/com.st.stm32cube.ide.mcu.externaltools.gnu-tools-for-stm32.9-2020-q2-update.win32_2.0.0.202105311346/tools/bin/../lib/gcc/arm-none-eabi/9.3.1/../../../../arm-none-eabi/lib/thumb/v7e-m+dp/hard\libc_nano.a(lib_a-nano-vfprintf_i.o)
                0x0000000008005a64                . = ALIGN (0x4)
 *fill*         0x0000000008005a63        0x1 

.rel.dyn        0x0000000008005a64        0x0
 .rel.iplt      0x0000000008005a64        0x0 e:/programs/stm32cubeide_1.7.0/stm32cubeide/plugins/com.st.stm32cube.ide.mcu.externaltools.gnu-tools-for-stm32.9-2020-q2-update.win32_2.0.0.202105311346/tools/bin/../lib/gcc/arm-none-eabi/9.3.1/thumb/v7e-m+dp/hard/crtbegin.o

.ARM.extab
 *(.ARM.extab* .gnu.linkonce.armextab.*)

.ARM            0x0000000008005a64        0x0
                0x0000000008005a64                __exidx_start = .
 *(.ARM.exidx*)
                0x0000000008005a64                __exidx_end = .

.preinit_array  0x0000000008005a64        0x0
                0x0000000008005a64                PROVIDE (__preinit_array_start = .)
 *(.preinit_array*)
                0x0000000008005a64                PROVIDE (__preinit_array_end = .)

.init_array     0x0000000008005a64        0x4
                0x0000000008005a64                PROVIDE (__init_array_start = .)
 *(SORT_BY_NAME(.init_array.*))
 *(.init_array*)
 .init_array    0x0000000008005a64        0x4 e:/programs/stm32cubeide_1.7.0/stm32cubeide/plugins/com.st.stm32cube.ide.mcu.externaltools.gnu-tools-for-stm32.9-2020-q2-update.win32_2.0.0.202105311346/tools/bin/../lib/gcc/arm-none-eabi/9.3.1/thumb/v7e-m+dp/hard/crtbegin.o
                0x0000000008005a68                PROVIDE (__init_array_end = .)

.fini_array     0x0000000008005a68        0x4
                [!provide]                        PROVIDE (__fini_array_start = .)
 *(SORT_BY_NAME(.fini_array.*))
 *(.fini_array*)
 .fini_array    0x0000000008005a68        0x4 e:/programs/stm32cubeide_1.7.0/stm32cubeide/plugins/com.st.stm32cube.ide.mcu.externaltools.gnu-tools-for-stm32.9-2020-q2-update.win32_2.0.0.202105311346/tools/bin/../lib/gcc/arm-none-eabi/9.3.1/thumb/v7e-m+dp/hard/crtbegin.o
                [!provide]                        PROVIDE (__fini_array_end = .)
                0x0000000008005a6c                _sidata = LOADADDR (.data)

.data           0x0000000020000000       0x98 load address 0x0000000008005a6c
                0x0000000020000000                . = ALIGN (0x4)
                0x0000000020000000                _sdata = .
 *(.data)
 .data          0x0000000020000000       0x30 ./Drivers/BSP/Components/wm8994/wm8994.o
                0x0000000020000000                wm8994_drv
 .data          0x0000000020000030        0x4 ./Src/system_stm32f7xx.o
                0x0000000020000030                SystemCoreClock
 *(.data*)
 .data._impure_ptr
                0x0000000020000034        0x4 e:/programs/stm32cubeide_1.7.0/stm32cubeide/plugins/com.st.stm32cube.ide.mcu.externaltools.gnu-tools-for-stm32.9-2020-q2-update.win32_2.0.0.202105311346/tools/bin/../lib/gcc/arm-none-eabi/9.3.1/../../../../arm-none-eabi/lib/thumb/v7e-m+dp/hard\libc_nano.a(lib_a-impure.o)
                0x0000000020000034                _impure_ptr
 .data.impure_data
                0x0000000020000038       0x60 e:/programs/stm32cubeide_1.7.0/stm32cubeide/plugins/com.st.stm32cube.ide.mcu.externaltools.gnu-tools-for-stm32.9-2020-q2-update.win32_2.0.0.202105311346/tools/bin/../lib/gcc/arm-none-eabi/9.3.1/../../../../arm-none-eabi/lib/thumb/v7e-m+dp/hard\libc_nano.a(lib_a-impure.o)
                0x0000000020000098                . = ALIGN (0x4)
                0x0000000020000098                _edata = .

.igot.plt       0x0000000020000098        0x0 load address 0x0000000008005b04
 .igot.plt      0x0000000020000098        0x0 e:/programs/stm32cubeide_1.7.0/stm32cubeide/plugins/com.st.stm32cube.ide.mcu.externaltools.gnu-tools-for-stm32.9-2020-q2-update.win32_2.0.0.202105311346/tools/bin/../lib/gcc/arm-none-eabi/9.3.1/thumb/v7e-m+dp/hard/crtbegin.o
                0x0000000020000098                . = ALIGN (0x4)

.bss            0x0000000020000098     0x477c load address 0x0000000008005b04
                0x0000000020000098                _sbss = .
                0x0000000020000098                __bss_start__ = _sbss
 *(.bss)
 .bss           0x0000000020000098       0x1c e:/programs/stm32cubeide_1.7.0/stm32cubeide/plugins/com.st.stm32cube.ide.mcu.externaltools.gnu-tools-for-stm32.9-2020-q2-update.win32_2.0.0.202105311346/tools/bin/../lib/gcc/arm-none-eabi/9.3.1/thumb/v7e-m+dp/hard/crtbegin.o
 .bss           0x00000000200000b4        0x8 ./Drivers/BSP/Components/wm8994/wm8994.o
 .bss           0x00000000200000bc       0x98 ./Drivers/BSP/STM32F769I-Discovery/stm32f769i_discovery.o
 .bss           0x0000000020000154      0x100 ./Drivers/BSP/STM32F769I-Discovery/stm32f769i_discovery_audio.o
 .bss           0x0000000020000254        0x4 ./Src/audio.o
                0x0000000020000254                audio_tx_buffer_state
 .bss           0x0000000020000258       0x64 ./Src/bsp_override.o
 *(.bss*)
 .bss.__malloc_free_list
                0x00000000200002bc        0x4 e:/programs/stm32cubeide_1.7.0/stm32cubeide/plugins/com.st.stm32cube.ide.mcu.externaltools.gnu-tools-for-stm32.9-2020-q2-update.win32_2.0.0.202105311346/tools/bin/../lib/gcc/arm-none-eabi/9.3.1/../../../../arm-none-eabi/lib/thumb/v7e-m+dp/hard\libc_nano.a(lib_a-nano-mallocr.o)
                0x00000000200002bc                __malloc_free_list
 .bss.__malloc_sbrk_start
                0x00000000200002c0        0x4 e:/programs/stm32cubeide_1.7.0/stm32cubeide/plugins/com.st.stm32cube.ide.mcu.externaltools.gnu-tools-for-stm32.9-2020-q2-update.win32_2.0.0.202105311346/tools/bin/../lib/gcc/arm-none-eabi/9.3.1/../../../../arm-none-eabi/lib/thumb/v7e-m+dp/hard\libc_nano.a(lib_a-nano-mallocr.o)
                0x00000000200002c0                __malloc_sbrk_start
 .bss.heap_end.5507
                0x00000000200002c4        0x4 e:/programs/stm32cubeide_1.7.0/stm32cubeide/plugins/com.st.stm32cube.ide.mcu.externaltools.gnu-tools-for-stm32.9-2020-q2-update.win32_2.0.0.202105311346/tools/bin/../lib/gcc/arm-none-eabi/9.3.1/../../../../arm-none-eabi/lib/thumb/v7e-m+dp/hard\libnosys.a(sbrk.o)
 *(COMMON)
 COMMON         0x00000000200002c8      0x4c4 ./Drivers/BSP/STM32F769I-Discovery/stm32f769i_discovery_audio.o
                0x00000000200002c8                hAudioInButtomRightFilter
                0x000000002000031c                haudio_in_sai
                0x00000000200003a0                hDmaButtomLeft
                0x0000000020000400                haudio_out_sai
                0x0000000020000484                hAudioInTopLeftFilter
                0x00000000200004d8                hAudioIn
                0x00000000200004e0                hDmaTopRight
                0x0000000020000540                audio_drv
                0x0000000020000544                hDmaTopLeft
                0x00000000200005a4                hAudioInTopLeftChannel
                0x00000000200005dc                hAudioInTopRightChannel
                0x0000000020000614                hAudioInButtomLeftFilter
                0x0000000020000668                hAudioInButtomRightChannel
                0x00000000200006a0                hAudioInTopRightFilter
                0x00000000200006f4                hAudioInButtomLeftChannel
                0x000000002000072c                hDmaButtomRight
 COMMON         0x000000002000078c        0x4 ./Drivers/STM32F7xx_HAL_Driver/Src/stm32f7xx_hal.o
                0x000000002000078c                uwTick
 COMMON         0x0000000020000790     0x4004 ./Src/audio.o
                0x0000000020000790                audio_out_buffer
                0x0000000020002790                audio_in_buffer
                0x0000000020004790                audio_rec_buffer_state
 COMMON         0x0000000020004794       0x70 ./Src/init.o
                0x0000000020004794                USB_UART
 COMMON         0x0000000020004804        0x9 e:/programs/stm32cubeide_1.7.0/stm32cubeide/plugins/com.st.stm32cube.ide.mcu.externaltools.gnu-tools-for-stm32.9-2020-q2-update.win32_2.0.0.202105311346/tools/bin/../lib/gcc/arm-none-eabi/9.3.1/../../../../arm-none-eabi/lib/thumb/v7e-m+dp/hard\libc_nano.a(lib_a-lock.o)
                0x0000000020004804                __lock___atexit_recursive_mutex
                0x0000000020004805                __lock___arc4random_mutex
                0x0000000020004806                __lock___env_recursive_mutex
                0x0000000020004807                __lock___sinit_recursive_mutex
                0x0000000020004808                __lock___malloc_recursive_mutex
                0x0000000020004809                __lock___at_quick_exit_mutex
                0x000000002000480a                __lock___dd_hash_mutex
                0x000000002000480b                __lock___tz_mutex
                0x000000002000480c                __lock___sfp_recursive_mutex
 *fill*         0x000000002000480d        0x3 
 COMMON         0x0000000020004810        0x4 e:/programs/stm32cubeide_1.7.0/stm32cubeide/plugins/com.st.stm32cube.ide.mcu.externaltools.gnu-tools-for-stm32.9-2020-q2-update.win32_2.0.0.202105311346/tools/bin/../lib/gcc/arm-none-eabi/9.3.1/../../../../arm-none-eabi/lib/thumb/v7e-m+dp/hard\libc_nano.a(lib_a-reent.o)
                0x0000000020004810                errno
                0x0000000020004814                . = ALIGN (0x4)
                0x0000000020004814                _ebss = .
                0x0000000020004814                __bss_end__ = _ebss

._user_heap_stack
                0x0000000020004814      0x604 load address 0x0000000008005b04
                0x0000000020004818                . = ALIGN (0x8)
 *fill*         0x0000000020004814        0x4 
                0x0000000020004818                PROVIDE (end = .)
                [!provide]                        PROVIDE (_end = .)
                0x0000000020004a18                . = (. + _Min_Heap_Size)
 *fill*         0x0000000020004818      0x200 
                0x0000000020004e18                . = (. + _Min_Stack_Size)
 *fill*         0x0000000020004a18      0x400 
                0x0000000020004e18                . = ALIGN (0x8)

/DISCARD/
 libc.a(*)
 libm.a(*)
 libgcc.a(*)

.ARM.attributes
                0x0000000000000000       0x2e
 *(.ARM.attributes)
 .ARM.attributes
                0x0000000000000000       0x1e e:/programs/stm32cubeide_1.7.0/stm32cubeide/plugins/com.st.stm32cube.ide.mcu.externaltools.gnu-tools-for-stm32.9-2020-q2-update.win32_2.0.0.202105311346/tools/bin/../lib/gcc/arm-none-eabi/9.3.1/thumb/v7e-m+dp/hard/crti.o
 .ARM.attributes
                0x000000000000001e       0x32 e:/programs/stm32cubeide_1.7.0/stm32cubeide/plugins/com.st.stm32cube.ide.mcu.externaltools.gnu-tools-for-stm32.9-2020-q2-update.win32_2.0.0.202105311346/tools/bin/../lib/gcc/arm-none-eabi/9.3.1/thumb/v7e-m+dp/hard/crtbegin.o
 .ARM.attributes
                0x0000000000000050       0x32 ./Drivers/BSP/Components/wm8994/wm8994.o
 .ARM.attributes
                0x0000000000000082       0x32 ./Drivers/BSP/STM32F769I-Discovery/stm32f769i_discovery.o
 .ARM.attributes
                0x00000000000000b4       0x32 ./Drivers/BSP/STM32F769I-Discovery/stm32f769i_discovery_audio.o
 .ARM.attributes
                0x00000000000000e6       0x32 ./Drivers/STM32F7xx_HAL_Driver/Src/stm32f7xx_hal.o
 .ARM.attributes
                0x0000000000000118       0x32 ./Drivers/STM32F7xx_HAL_Driver/Src/stm32f7xx_hal_cortex.o
 .ARM.attributes
                0x000000000000014a       0x32 ./Drivers/STM32F7xx_HAL_Driver/Src/stm32f7xx_hal_dma.o
 .ARM.attributes
                0x000000000000017c       0x32 ./Drivers/STM32F7xx_HAL_Driver/Src/stm32f7xx_hal_gpio.o
 .ARM.attributes
                0x00000000000001ae       0x32 ./Drivers/STM32F7xx_HAL_Driver/Src/stm32f7xx_hal_i2c.o
 .ARM.attributes
                0x00000000000001e0       0x32 ./Drivers/STM32F7xx_HAL_Driver/Src/stm32f7xx_hal_pwr_ex.o
 .ARM.attributes
                0x0000000000000212       0x32 ./Drivers/STM32F7xx_HAL_Driver/Src/stm32f7xx_hal_rcc.o
 .ARM.attributes
                0x0000000000000244       0x32 ./Drivers/STM32F7xx_HAL_Driver/Src/stm32f7xx_hal_rcc_ex.o
 .ARM.attributes
                0x0000000000000276       0x32 ./Drivers/STM32F7xx_HAL_Driver/Src/stm32f7xx_hal_sai.o
 .ARM.attributes
                0x00000000000002a8       0x32 ./Drivers/STM32F7xx_HAL_Driver/Src/stm32f7xx_hal_uart.o
 .ARM.attributes
                0x00000000000002da       0x32 ./Src/audio.o
 .ARM.attributes
                0x000000000000030c       0x32 ./Src/bsp_override.o
 .ARM.attributes
                0x000000000000033e       0x32 ./Src/init.o
 .ARM.attributes
                0x0000000000000370       0x32 ./Src/main.o
 .ARM.attributes
                0x00000000000003a2       0x32 ./Src/stm32f7xx_it.o
 .ARM.attributes
                0x00000000000003d4       0x32 ./Src/system_stm32f7xx.o
 .ARM.attributes
                0x0000000000000406       0x32 ./Src/uart.o
 .ARM.attributes
                0x0000000000000438       0x32 ./Src/util.o
 .ARM.attributes
                0x000000000000046a       0x21 ./startup/startup_stm32f769xx.o
 .ARM.attributes
                0x000000000000048b       0x30 e:/programs/stm32cubeide_1.7.0/stm32cubeide/plugins/com.st.stm32cube.ide.mcu.externaltools.gnu-tools-for-stm32.9-2020-q2-update.win32_2.0.0.202105311346/tools/bin/../lib/gcc/arm-none-eabi/9.3.1/../../../../arm-none-eabi/lib/thumb/v7e-m+dp/hard\libc_nano.a(lib_a-impure.o)
 .ARM.attributes
                0x00000000000004bb       0x32 e:/programs/stm32cubeide_1.7.0/stm32cubeide/plugins/com.st.stm32cube.ide.mcu.externaltools.gnu-tools-for-stm32.9-2020-q2-update.win32_2.0.0.202105311346/tools/bin/../lib/gcc/arm-none-eabi/9.3.1/../../../../arm-none-eabi/lib/thumb/v7e-m+dp/hard\libc_nano.a(lib_a-init.o)
 .ARM.attributes
                0x00000000000004ed       0x32 e:/programs/stm32cubeide_1.7.0/stm32cubeide/plugins/com.st.stm32cube.ide.mcu.externaltools.gnu-tools-for-stm32.9-2020-q2-update.win32_2.0.0.202105311346/tools/bin/../lib/gcc/arm-none-eabi/9.3.1/../../../../arm-none-eabi/lib/thumb/v7e-m+dp/hard\libc_nano.a(lib_a-memset.o)
 .ARM.attributes
                0x000000000000051f       0x32 e:/programs/stm32cubeide_1.7.0/stm32cubeide/plugins/com.st.stm32cube.ide.mcu.externaltools.gnu-tools-for-stm32.9-2020-q2-update.win32_2.0.0.202105311346/tools/bin/../lib/gcc/arm-none-eabi/9.3.1/../../../../arm-none-eabi/lib/thumb/v7e-m+dp/hard\libc_nano.a(lib_a-printf.o)
 .ARM.attributes
                0x0000000000000551       0x32 e:/programs/stm32cubeide_1.7.0/stm32cubeide/plugins/com.st.stm32cube.ide.mcu.externaltools.gnu-tools-for-stm32.9-2020-q2-update.win32_2.0.0.202105311346/tools/bin/../lib/gcc/arm-none-eabi/9.3.1/../../../../arm-none-eabi/lib/thumb/v7e-m+dp/hard\libc_nano.a(lib_a-puts.o)
 .ARM.attributes
                0x0000000000000583       0x32 e:/programs/stm32cubeide_1.7.0/stm32cubeide/plugins/com.st.stm32cube.ide.mcu.externaltools.gnu-tools-for-stm32.9-2020-q2-update.win32_2.0.0.202105311346/tools/bin/../lib/gcc/arm-none-eabi/9.3.1/../../../../arm-none-eabi/lib/thumb/v7e-m+dp/hard\libc_nano.a(lib_a-wbuf.o)
 .ARM.attributes
                0x00000000000005b5       0x32 e:/programs/stm32cubeide_1.7.0/stm32cubeide/plugins/com.st.stm32cube.ide.mcu.externaltools.gnu-tools-for-stm32.9-2020-q2-update.win32_2.0.0.202105311346/tools/bin/../lib/gcc/arm-none-eabi/9.3.1/../../../../arm-none-eabi/lib/thumb/v7e-m+dp/hard\libc_nano.a(lib_a-wsetup.o)
 .ARM.attributes
                0x00000000000005e7       0x32 e:/programs/stm32cubeide_1.7.0/stm32cubeide/plugins/com.st.stm32cube.ide.mcu.externaltools.gnu-tools-for-stm32.9-2020-q2-update.win32_2.0.0.202105311346/tools/bin/../lib/gcc/arm-none-eabi/9.3.1/../../../../arm-none-eabi/lib/thumb/v7e-m+dp/hard\libc_nano.a(lib_a-fflush.o)
 .ARM.attributes
                0x0000000000000619       0x32 e:/programs/stm32cubeide_1.7.0/stm32cubeide/plugins/com.st.stm32cube.ide.mcu.externaltools.gnu-tools-for-stm32.9-2020-q2-update.win32_2.0.0.202105311346/tools/bin/../lib/gcc/arm-none-eabi/9.3.1/../../../../arm-none-eabi/lib/thumb/v7e-m+dp/hard\libc_nano.a(lib_a-findfp.o)
 .ARM.attributes
                0x000000000000064b       0x32 e:/programs/stm32cubeide_1.7.0/stm32cubeide/plugins/com.st.stm32cube.ide.mcu.externaltools.gnu-tools-for-stm32.9-2020-q2-update.win32_2.0.0.202105311346/tools/bin/../lib/gcc/arm-none-eabi/9.3.1/../../../../arm-none-eabi/lib/thumb/v7e-m+dp/hard\libc_nano.a(lib_a-fwalk.o)
 .ARM.attributes
                0x000000000000067d       0x32 e:/programs/stm32cubeide_1.7.0/stm32cubeide/plugins/com.st.stm32cube.ide.mcu.externaltools.gnu-tools-for-stm32.9-2020-q2-update.win32_2.0.0.202105311346/tools/bin/../lib/gcc/arm-none-eabi/9.3.1/../../../../arm-none-eabi/lib/thumb/v7e-m+dp/hard\libc_nano.a(lib_a-lock.o)
 .ARM.attributes
                0x00000000000006af       0x32 e:/programs/stm32cubeide_1.7.0/stm32cubeide/plugins/com.st.stm32cube.ide.mcu.externaltools.gnu-tools-for-stm32.9-2020-q2-update.win32_2.0.0.202105311346/tools/bin/../lib/gcc/arm-none-eabi/9.3.1/../../../../arm-none-eabi/lib/thumb/v7e-m+dp/hard\libc_nano.a(lib_a-makebuf.o)
 .ARM.attributes
                0x00000000000006e1       0x32 e:/programs/stm32cubeide_1.7.0/stm32cubeide/plugins/com.st.stm32cube.ide.mcu.externaltools.gnu-tools-for-stm32.9-2020-q2-update.win32_2.0.0.202105311346/tools/bin/../lib/gcc/arm-none-eabi/9.3.1/../../../../arm-none-eabi/lib/thumb/v7e-m+dp/hard\libc_nano.a(lib_a-nano-freer.o)
 .ARM.attributes
                0x0000000000000713       0x32 e:/programs/stm32cubeide_1.7.0/stm32cubeide/plugins/com.st.stm32cube.ide.mcu.externaltools.gnu-tools-for-stm32.9-2020-q2-update.win32_2.0.0.202105311346/tools/bin/../lib/gcc/arm-none-eabi/9.3.1/../../../../arm-none-eabi/lib/thumb/v7e-m+dp/hard\libc_nano.a(lib_a-nano-mallocr.o)
 .ARM.attributes
                0x0000000000000745       0x32 e:/programs/stm32cubeide_1.7.0/stm32cubeide/plugins/com.st.stm32cube.ide.mcu.externaltools.gnu-tools-for-stm32.9-2020-q2-update.win32_2.0.0.202105311346/tools/bin/../lib/gcc/arm-none-eabi/9.3.1/../../../../arm-none-eabi/lib/thumb/v7e-m+dp/hard\libc_nano.a(lib_a-nano-vfprintf.o)
 .ARM.attributes
                0x0000000000000777       0x32 e:/programs/stm32cubeide_1.7.0/stm32cubeide/plugins/com.st.stm32cube.ide.mcu.externaltools.gnu-tools-for-stm32.9-2020-q2-update.win32_2.0.0.202105311346/tools/bin/../lib/gcc/arm-none-eabi/9.3.1/../../../../arm-none-eabi/lib/thumb/v7e-m+dp/hard\libc_nano.a(lib_a-nano-vfprintf_i.o)
 .ARM.attributes
                0x00000000000007a9       0x32 e:/programs/stm32cubeide_1.7.0/stm32cubeide/plugins/com.st.stm32cube.ide.mcu.externaltools.gnu-tools-for-stm32.9-2020-q2-update.win32_2.0.0.202105311346/tools/bin/../lib/gcc/arm-none-eabi/9.3.1/../../../../arm-none-eabi/lib/thumb/v7e-m+dp/hard\libc_nano.a(lib_a-sbrkr.o)
 .ARM.attributes
                0x00000000000007db       0x32 e:/programs/stm32cubeide_1.7.0/stm32cubeide/plugins/com.st.stm32cube.ide.mcu.externaltools.gnu-tools-for-stm32.9-2020-q2-update.win32_2.0.0.202105311346/tools/bin/../lib/gcc/arm-none-eabi/9.3.1/../../../../arm-none-eabi/lib/thumb/v7e-m+dp/hard\libc_nano.a(lib_a-stdio.o)
 .ARM.attributes
                0x000000000000080d       0x32 e:/programs/stm32cubeide_1.7.0/stm32cubeide/plugins/com.st.stm32cube.ide.mcu.externaltools.gnu-tools-for-stm32.9-2020-q2-update.win32_2.0.0.202105311346/tools/bin/../lib/gcc/arm-none-eabi/9.3.1/../../../../arm-none-eabi/lib/thumb/v7e-m+dp/hard\libc_nano.a(lib_a-writer.o)
 .ARM.attributes
                0x000000000000083f       0x32 e:/programs/stm32cubeide_1.7.0/stm32cubeide/plugins/com.st.stm32cube.ide.mcu.externaltools.gnu-tools-for-stm32.9-2020-q2-update.win32_2.0.0.202105311346/tools/bin/../lib/gcc/arm-none-eabi/9.3.1/../../../../arm-none-eabi/lib/thumb/v7e-m+dp/hard\libc_nano.a(lib_a-closer.o)
 .ARM.attributes
                0x0000000000000871       0x32 e:/programs/stm32cubeide_1.7.0/stm32cubeide/plugins/com.st.stm32cube.ide.mcu.externaltools.gnu-tools-for-stm32.9-2020-q2-update.win32_2.0.0.202105311346/tools/bin/../lib/gcc/arm-none-eabi/9.3.1/../../../../arm-none-eabi/lib/thumb/v7e-m+dp/hard\libc_nano.a(lib_a-fstatr.o)
 .ARM.attributes
                0x00000000000008a3       0x32 e:/programs/stm32cubeide_1.7.0/stm32cubeide/plugins/com.st.stm32cube.ide.mcu.externaltools.gnu-tools-for-stm32.9-2020-q2-update.win32_2.0.0.202105311346/tools/bin/../lib/gcc/arm-none-eabi/9.3.1/../../../../arm-none-eabi/lib/thumb/v7e-m+dp/hard\libc_nano.a(lib_a-isattyr.o)
 .ARM.attributes
                0x00000000000008d5       0x32 e:/programs/stm32cubeide_1.7.0/stm32cubeide/plugins/com.st.stm32cube.ide.mcu.externaltools.gnu-tools-for-stm32.9-2020-q2-update.win32_2.0.0.202105311346/tools/bin/../lib/gcc/arm-none-eabi/9.3.1/../../../../arm-none-eabi/lib/thumb/v7e-m+dp/hard\libc_nano.a(lib_a-lseekr.o)
 .ARM.attributes
                0x0000000000000907       0x1c e:/programs/stm32cubeide_1.7.0/stm32cubeide/plugins/com.st.stm32cube.ide.mcu.externaltools.gnu-tools-for-stm32.9-2020-q2-update.win32_2.0.0.202105311346/tools/bin/../lib/gcc/arm-none-eabi/9.3.1/../../../../arm-none-eabi/lib/thumb/v7e-m+dp/hard\libc_nano.a(lib_a-memchr.o)
 .ARM.attributes
                0x0000000000000923       0x32 e:/programs/stm32cubeide_1.7.0/stm32cubeide/plugins/com.st.stm32cube.ide.mcu.externaltools.gnu-tools-for-stm32.9-2020-q2-update.win32_2.0.0.202105311346/tools/bin/../lib/gcc/arm-none-eabi/9.3.1/../../../../arm-none-eabi/lib/thumb/v7e-m+dp/hard\libc_nano.a(lib_a-mlock.o)
 .ARM.attributes
                0x0000000000000955       0x32 e:/programs/stm32cubeide_1.7.0/stm32cubeide/plugins/com.st.stm32cube.ide.mcu.externaltools.gnu-tools-for-stm32.9-2020-q2-update.win32_2.0.0.202105311346/tools/bin/../lib/gcc/arm-none-eabi/9.3.1/../../../../arm-none-eabi/lib/thumb/v7e-m+dp/hard\libc_nano.a(lib_a-readr.o)
 .ARM.attributes
                0x0000000000000987       0x32 e:/programs/stm32cubeide_1.7.0/stm32cubeide/plugins/com.st.stm32cube.ide.mcu.externaltools.gnu-tools-for-stm32.9-2020-q2-update.win32_2.0.0.202105311346/tools/bin/../lib/gcc/arm-none-eabi/9.3.1/../../../../arm-none-eabi/lib/thumb/v7e-m+dp/hard\libc_nano.a(lib_a-reent.o)
 .ARM.attributes
                0x00000000000009b9       0x32 e:/programs/stm32cubeide_1.7.0/stm32cubeide/plugins/com.st.stm32cube.ide.mcu.externaltools.gnu-tools-for-stm32.9-2020-q2-update.win32_2.0.0.202105311346/tools/bin/../lib/gcc/arm-none-eabi/9.3.1/../../../../arm-none-eabi/lib/thumb/v7e-m+dp/hard\libnosys.a(close.o)
 .ARM.attributes
                0x00000000000009eb       0x32 e:/programs/stm32cubeide_1.7.0/stm32cubeide/plugins/com.st.stm32cube.ide.mcu.externaltools.gnu-tools-for-stm32.9-2020-q2-update.win32_2.0.0.202105311346/tools/bin/../lib/gcc/arm-none-eabi/9.3.1/../../../../arm-none-eabi/lib/thumb/v7e-m+dp/hard\libnosys.a(fstat.o)
 .ARM.attributes
                0x0000000000000a1d       0x32 e:/programs/stm32cubeide_1.7.0/stm32cubeide/plugins/com.st.stm32cube.ide.mcu.externaltools.gnu-tools-for-stm32.9-2020-q2-update.win32_2.0.0.202105311346/tools/bin/../lib/gcc/arm-none-eabi/9.3.1/../../../../arm-none-eabi/lib/thumb/v7e-m+dp/hard\libnosys.a(isatty.o)
 .ARM.attributes
                0x0000000000000a4f       0x32 e:/programs/stm32cubeide_1.7.0/stm32cubeide/plugins/com.st.stm32cube.ide.mcu.externaltools.gnu-tools-for-stm32.9-2020-q2-update.win32_2.0.0.202105311346/tools/bin/../lib/gcc/arm-none-eabi/9.3.1/../../../../arm-none-eabi/lib/thumb/v7e-m+dp/hard\libnosys.a(lseek.o)
 .ARM.attributes
                0x0000000000000a81       0x32 e:/programs/stm32cubeide_1.7.0/stm32cubeide/plugins/com.st.stm32cube.ide.mcu.externaltools.gnu-tools-for-stm32.9-2020-q2-update.win32_2.0.0.202105311346/tools/bin/../lib/gcc/arm-none-eabi/9.3.1/../../../../arm-none-eabi/lib/thumb/v7e-m+dp/hard\libnosys.a(sbrk.o)
 .ARM.attributes
                0x0000000000000ab3       0x1e e:/programs/stm32cubeide_1.7.0/stm32cubeide/plugins/com.st.stm32cube.ide.mcu.externaltools.gnu-tools-for-stm32.9-2020-q2-update.win32_2.0.0.202105311346/tools/bin/../lib/gcc/arm-none-eabi/9.3.1/thumb/v7e-m+dp/hard/crtn.o
OUTPUT(FIND_EQ.elf elf32-littlearm)
LOAD linker stubs
LOAD e:/programs/stm32cubeide_1.7.0/stm32cubeide/plugins/com.st.stm32cube.ide.mcu.externaltools.gnu-tools-for-stm32.9-2020-q2-update.win32_2.0.0.202105311346/tools/bin/../lib/gcc/arm-none-eabi/9.3.1/../../../../arm-none-eabi/lib/thumb/v7e-m+dp/hard\libc.a
LOAD e:/programs/stm32cubeide_1.7.0/stm32cubeide/plugins/com.st.stm32cube.ide.mcu.externaltools.gnu-tools-for-stm32.9-2020-q2-update.win32_2.0.0.202105311346/tools/bin/../lib/gcc/arm-none-eabi/9.3.1/../../../../arm-none-eabi/lib/thumb/v7e-m+dp/hard\libm.a
LOAD e:/programs/stm32cubeide_1.7.0/stm32cubeide/plugins/com.st.stm32cube.ide.mcu.externaltools.gnu-tools-for-stm32.9-2020-q2-update.win32_2.0.0.202105311346/tools/bin/../lib/gcc/arm-none-eabi/9.3.1/thumb/v7e-m+dp/hard\libgcc.a

.debug_info     0x0000000000000000    0x24356
 .debug_info    0x0000000000000000     0x1bde ./Drivers/BSP/Components/wm8994/wm8994.o
 .debug_info    0x0000000000001bde     0x26f7 ./Drivers/BSP/STM32F769I-Discovery/stm32f769i_discovery.o
 .debug_info    0x00000000000042d5     0x3a5c ./Drivers/BSP/STM32F769I-Discovery/stm32f769i_discovery_audio.o
 .debug_info    0x0000000000007d31     0x12d0 ./Drivers/STM32F7xx_HAL_Driver/Src/stm32f7xx_hal.o
 .debug_info    0x0000000000009001     0x1c1e ./Drivers/STM32F7xx_HAL_Driver/Src/stm32f7xx_hal_cortex.o
 .debug_info    0x000000000000ac1f     0x143a ./Drivers/STM32F7xx_HAL_Driver/Src/stm32f7xx_hal_dma.o
 .debug_info    0x000000000000c059     0x10f7 ./Drivers/STM32F7xx_HAL_Driver/Src/stm32f7xx_hal_gpio.o
 .debug_info    0x000000000000d150     0x3f5d ./Drivers/STM32F7xx_HAL_Driver/Src/stm32f7xx_hal_i2c.o
 .debug_info    0x00000000000110ad     0x1388 ./Drivers/STM32F7xx_HAL_Driver/Src/stm32f7xx_hal_pwr_ex.o
 .debug_info    0x0000000000012435     0x174b ./Drivers/STM32F7xx_HAL_Driver/Src/stm32f7xx_hal_rcc.o
 .debug_info    0x0000000000013b80     0x1b68 ./Drivers/STM32F7xx_HAL_Driver/Src/stm32f7xx_hal_rcc_ex.o
 .debug_info    0x00000000000156e8     0x20c2 ./Drivers/STM32F7xx_HAL_Driver/Src/stm32f7xx_hal_sai.o
 .debug_info    0x00000000000177aa     0x2384 ./Drivers/STM32F7xx_HAL_Driver/Src/stm32f7xx_hal_uart.o
 .debug_info    0x0000000000019b2e     0x1441 ./Src/audio.o
 .debug_info    0x000000000001af6f     0x1bac ./Src/bsp_override.o
 .debug_info    0x000000000001cb1b     0x1891 ./Src/init.o
 .debug_info    0x000000000001e3ac     0x1527 ./Src/main.o
 .debug_info    0x000000000001f8d3     0x11c7 ./Src/stm32f7xx_it.o
 .debug_info    0x0000000000020a9a     0x1011 ./Src/system_stm32f7xx.o
 .debug_info    0x0000000000021aab     0x173b ./Src/uart.o
 .debug_info    0x00000000000231e6     0x114e ./Src/util.o
 .debug_info    0x0000000000024334       0x22 ./startup/startup_stm32f769xx.o

.debug_abbrev   0x0000000000000000     0x3c39
 .debug_abbrev  0x0000000000000000      0x1dc ./Drivers/BSP/Components/wm8994/wm8994.o
 .debug_abbrev  0x00000000000001dc      0x38e ./Drivers/BSP/STM32F769I-Discovery/stm32f769i_discovery.o
 .debug_abbrev  0x000000000000056a      0x36f ./Drivers/BSP/STM32F769I-Discovery/stm32f769i_discovery_audio.o
 .debug_abbrev  0x00000000000008d9      0x2d0 ./Drivers/STM32F7xx_HAL_Driver/Src/stm32f7xx_hal.o
 .debug_abbrev  0x0000000000000ba9      0x424 ./Drivers/STM32F7xx_HAL_Driver/Src/stm32f7xx_hal_cortex.o
 .debug_abbrev  0x0000000000000fcd      0x344 ./Drivers/STM32F7xx_HAL_Driver/Src/stm32f7xx_hal_dma.o
 .debug_abbrev  0x0000000000001311      0x2b3 ./Drivers/STM32F7xx_HAL_Driver/Src/stm32f7xx_hal_gpio.o
 .debug_abbrev  0x00000000000015c4      0x2fb ./Drivers/STM32F7xx_HAL_Driver/Src/stm32f7xx_hal_i2c.o
 .debug_abbrev  0x00000000000018bf      0x2fe ./Drivers/STM32F7xx_HAL_Driver/Src/stm32f7xx_hal_pwr_ex.o
 .debug_abbrev  0x0000000000001bbd      0x34f ./Drivers/STM32F7xx_HAL_Driver/Src/stm32f7xx_hal_rcc.o
 .debug_abbrev  0x0000000000001f0c      0x321 ./Drivers/STM32F7xx_HAL_Driver/Src/stm32f7xx_hal_rcc_ex.o
 .debug_abbrev  0x000000000000222d      0x35f ./Drivers/STM32F7xx_HAL_Driver/Src/stm32f7xx_hal_sai.o
 .debug_abbrev  0x000000000000258c      0x315 ./Drivers/STM32F7xx_HAL_Driver/Src/stm32f7xx_hal_uart.o
 .debug_abbrev  0x00000000000028a1      0x2a1 ./Src/audio.o
 .debug_abbrev  0x0000000000002b42      0x2b9 ./Src/bsp_override.o
 .debug_abbrev  0x0000000000002dfb      0x2f8 ./Src/init.o
 .debug_abbrev  0x00000000000030f3      0x257 ./Src/main.o
 .debug_abbrev  0x000000000000334a      0x211 ./Src/stm32f7xx_it.o
 .debug_abbrev  0x000000000000355b      0x21d ./Src/system_stm32f7xx.o
 .debug_abbrev  0x0000000000003778      0x2af ./Src/uart.o
 .debug_abbrev  0x0000000000003a27      0x200 ./Src/util.o
 .debug_abbrev  0x0000000000003c27       0x12 ./startup/startup_stm32f769xx.o

.debug_loc      0x0000000000000000     0xc3f5
 .debug_loc     0x0000000000000000      0xb89 ./Drivers/BSP/Components/wm8994/wm8994.o
 .debug_loc     0x0000000000000b89      0xac4 ./Drivers/BSP/STM32F769I-Discovery/stm32f769i_discovery.o
 .debug_loc     0x000000000000164d      0xb93 ./Drivers/BSP/STM32F769I-Discovery/stm32f769i_discovery_audio.o
 .debug_loc     0x00000000000021e0       0x85 ./Drivers/STM32F7xx_HAL_Driver/Src/stm32f7xx_hal.o
 .debug_loc     0x0000000000002265      0x734 ./Drivers/STM32F7xx_HAL_Driver/Src/stm32f7xx_hal_cortex.o
 .debug_loc     0x0000000000002999      0xbf9 ./Drivers/STM32F7xx_HAL_Driver/Src/stm32f7xx_hal_dma.o
 .debug_loc     0x0000000000003592      0x4f5 ./Drivers/STM32F7xx_HAL_Driver/Src/stm32f7xx_hal_gpio.o
 .debug_loc     0x0000000000003a87     0x3ac0 ./Drivers/STM32F7xx_HAL_Driver/Src/stm32f7xx_hal_i2c.o
 .debug_loc     0x0000000000007547      0x286 ./Drivers/STM32F7xx_HAL_Driver/Src/stm32f7xx_hal_pwr_ex.o
 .debug_loc     0x00000000000077cd      0x85c ./Drivers/STM32F7xx_HAL_Driver/Src/stm32f7xx_hal_rcc.o
 .debug_loc     0x0000000000008029     0x1017 ./Drivers/STM32F7xx_HAL_Driver/Src/stm32f7xx_hal_rcc_ex.o
 .debug_loc     0x0000000000009040     0x150e ./Drivers/STM32F7xx_HAL_Driver/Src/stm32f7xx_hal_sai.o
 .debug_loc     0x000000000000a54e     0x17c2 ./Drivers/STM32F7xx_HAL_Driver/Src/stm32f7xx_hal_uart.o
 .debug_loc     0x000000000000bd10       0x22 ./Src/audio.o
 .debug_loc     0x000000000000bd32      0x122 ./Src/bsp_override.o
 .debug_loc     0x000000000000be54       0xbf ./Src/init.o
 .debug_loc     0x000000000000bf13      0x16c ./Src/system_stm32f7xx.o
 .debug_loc     0x000000000000c07f      0x353 ./Src/uart.o
 .debug_loc     0x000000000000c3d2       0x23 ./Src/util.o

.debug_aranges  0x0000000000000000      0xe40
 .debug_aranges
                0x0000000000000000       0x80 ./Drivers/BSP/Components/wm8994/wm8994.o
 .debug_aranges
                0x0000000000000080      0x130 ./Drivers/BSP/STM32F769I-Discovery/stm32f769i_discovery.o
 .debug_aranges
                0x00000000000001b0      0x1b8 ./Drivers/BSP/STM32F769I-Discovery/stm32f769i_discovery_audio.o
 .debug_aranges
                0x0000000000000368       0xe0 ./Drivers/STM32F7xx_HAL_Driver/Src/stm32f7xx_hal.o
 .debug_aranges
                0x0000000000000448       0xa8 ./Drivers/STM32F7xx_HAL_Driver/Src/stm32f7xx_hal_cortex.o
 .debug_aranges
                0x00000000000004f0       0x90 ./Drivers/STM32F7xx_HAL_Driver/Src/stm32f7xx_hal_dma.o
 .debug_aranges
                0x0000000000000580       0x58 ./Drivers/STM32F7xx_HAL_Driver/Src/stm32f7xx_hal_gpio.o
 .debug_aranges
                0x00000000000005d8      0x260 ./Drivers/STM32F7xx_HAL_Driver/Src/stm32f7xx_hal_i2c.o
 .debug_aranges
                0x0000000000000838       0x80 ./Drivers/STM32F7xx_HAL_Driver/Src/stm32f7xx_hal_pwr_ex.o
 .debug_aranges
                0x00000000000008b8       0x88 ./Drivers/STM32F7xx_HAL_Driver/Src/stm32f7xx_hal_rcc.o
 .debug_aranges
                0x0000000000000940       0x30 ./Drivers/STM32F7xx_HAL_Driver/Src/stm32f7xx_hal_rcc_ex.o
 .debug_aranges
                0x0000000000000970      0x178 ./Drivers/STM32F7xx_HAL_Driver/Src/stm32f7xx_hal_sai.o
 .debug_aranges
                0x0000000000000ae8      0x190 ./Drivers/STM32F7xx_HAL_Driver/Src/stm32f7xx_hal_uart.o
 .debug_aranges
                0x0000000000000c78       0x40 ./Src/audio.o
 .debug_aranges
                0x0000000000000cb8       0x40 ./Src/bsp_override.o
 .debug_aranges
                0x0000000000000cf8       0x38 ./Src/init.o
 .debug_aranges
                0x0000000000000d30       0x20 ./Src/main.o
 .debug_aranges
                0x0000000000000d50       0x28 ./Src/stm32f7xx_it.o
 .debug_aranges
                0x0000000000000d78       0x28 ./Src/system_stm32f7xx.o
 .debug_aranges
                0x0000000000000da0       0x58 ./Src/uart.o
 .debug_aranges
                0x0000000000000df8       0x20 ./Src/util.o
 .debug_aranges