usbd_conf.c:602:27:USBD_LL_Setup_Fifo	24	static
usbd_conf.c:49:6:HAL_PCD_MspInit	96	static
usbd_conf.c:159:6:HAL_PCD_MspDeInit	0	static
usbd_conf.c:184:6:HAL_PCD_SetupStageCallback	8	static
usbd_conf.c:195:6:HAL_PCD_DataOutStageCallback	8	static
usbd_conf.c:206:6:HAL_PCD_DataInStageCallback	8	static
usbd_conf.c:216:6:HAL_PCD_SOFCallback	8	static
usbd_conf.c:226:6:HAL_PCD_ResetCallback	16	static
usbd_conf.c:257:6:HAL_PCD_SuspendCallback	8	static
usbd_conf.c:267:6:HAL_PCD_ResumeCallback	8	static
usbd_conf.c:278:6:HAL_PCD_ISOOUTIncompleteCallback	8	static
usbd_conf.c:289:6:HAL_PCD_ISOINIncompleteCallback	8	static
usbd_conf.c:299:6:HAL_PCD_ConnectCallback	8	static
usbd_conf.c:309:6:HAL_PCD_DisconnectCallback	8	static
usbd_conf.c:323:20:USBD_LL_Init	8	static
usbd_conf.c:414:20:USBD_LL_DeInit	8	static
usbd_conf.c:425:20:USBD_LL_Start	8	static
usbd_conf.c:436:20:USBD_LL_Stop	8	static
usbd_conf.c:450:20:USBD_LL_OpenEP	8	static
usbd_conf.c:469:20:USBD_LL_CloseEP	8	static
usbd_conf.c:482:20:USBD_LL_FlushEP	8	static
usbd_conf.c:494:20:USBD_LL_StallEP	8	static
usbd_conf.c:506:20:USBD_LL_ClearStallEP	8	static
usbd_conf.c:518:9:USBD_LL_IsStallEP	0	static
usbd_conf.c:538:20:USBD_LL_SetUSBAddress	8	static
usbd_conf.c:552:20:USBD_LL_Transmit	8	static
usbd_conf.c:569:20:USBD_LL_PrepareReceive	8	static
usbd_conf.c:584:10:USBD_LL_GetRxDataSize	8	static
usbd_conf.c:594:6:USBD_LL_Delay	8	static
