stm32f769i_discovery_lcd.c:1632:17:LCD_IO_GetID	0	static
stm32f769i_discovery_lcd.c:1880:13:LL_FillBuffer	32	static
stm32f769i_discovery_lcd.c:1910:13:LL_ConvertLineToARGB8888	32	static
stm32f769i_discovery_lcd.c:684:6:BSP_LCD_Reset	40	static
stm32f769i_discovery_lcd.c:714:10:BSP_LCD_GetXSize	0	static
stm32f769i_discovery_lcd.c:723:10:BSP_LCD_GetYSize	0	static
stm32f769i_discovery_lcd.c:733:6:BSP_LCD_SetXSize	0	static
stm32f769i_discovery_lcd.c:742:6:BSP_LCD_SetYSize	0	static
stm32f769i_discovery_lcd.c:754:6:BSP_LCD_LayerDefaultInit	72	static
stm32f769i_discovery_lcd.c:787:6:BSP_LCD_SelectLayer	0	static
stm32f769i_discovery_lcd.c:800:6:BSP_LCD_SetLayerVisible	8	static
stm32f769i_discovery_lcd.c:820:6:BSP_LCD_SetTransparency	8	static
stm32f769i_discovery_lcd.c:832:6:BSP_LCD_SetLayerAddress	8	static
stm32f769i_discovery_lcd.c:847:6:BSP_LCD_SetLayerWindow	24	static
stm32f769i_discovery_lcd.c:862:6:BSP_LCD_SetColorKeying	16	static
stm32f769i_discovery_lcd.c:873:6:BSP_LCD_ResetColorKeying	8	static
stm32f769i_discovery_lcd.c:883:6:BSP_LCD_SetTextColor	0	static
stm32f769i_discovery_lcd.c:892:10:BSP_LCD_GetTextColor	0	static
stm32f769i_discovery_lcd.c:901:6:BSP_LCD_SetBackColor	0	static
stm32f769i_discovery_lcd.c:910:10:BSP_LCD_GetBackColor	0	static
stm32f769i_discovery_lcd.c:919:6:BSP_LCD_SetFont	0	static
stm32f769i_discovery_lcd.c:928:8:BSP_LCD_GetFont	0	static
stm32f769i_discovery_lcd.c:939:10:BSP_LCD_ReadPixel	16	static
stm32f769i_discovery_lcd.c:973:6:BSP_LCD_Clear	32	static
stm32f769i_discovery_lcd.c:1092:6:BSP_LCD_DrawHLine	40	static
stm32f769i_discovery_lcd.c:1109:6:BSP_LCD_DrawVLine	40	static
stm32f769i_discovery_lcd.c:1201:6:BSP_LCD_DrawRect	24	static
stm32f769i_discovery_lcd.c:1323:6:BSP_LCD_DrawBitmap	40	static
stm32f769i_discovery_lcd.c:1380:6:BSP_LCD_FillRect	40	static
stm32f769i_discovery_lcd.c:983:6:BSP_LCD_ClearStringLine	24	static
stm32f769i_discovery_lcd.c:1514:6:BSP_LCD_FillEllipse	56	static
stm32f769i_discovery_lcd.c:1544:6:BSP_LCD_DisplayOn	16	static
stm32f769i_discovery_lcd.c:1567:6:BSP_LCD_DisplayOff	16	static
stm32f769i_discovery_lcd.c:1590:6:BSP_LCD_SetBrightness	16	static
stm32f769i_discovery_lcd.c:1615:6:DSI_IO_WriteCmd	16	static
stm32f769i_discovery_lcd.c:1664:13:BSP_LCD_MspDeInit	8	static
stm32f769i_discovery_lcd.c:1690:13:BSP_LCD_MspInit	24	static
stm32f769i_discovery_lcd.c:289:9:BSP_LCD_InitEx	48	static
stm32f769i_discovery_lcd.c:274:9:BSP_LCD_Init	8	static
stm32f769i_discovery_lcd.c:1732:6:BSP_LCD_DrawPixel	24	static
stm32f769i_discovery_lcd.c:1745:13:DrawChar	48	static
stm32f769i_discovery_lcd.c:1002:6:BSP_LCD_DisplayChar	16	static
stm32f769i_discovery_lcd.c:1019:6:BSP_LCD_DisplayStringAt	24	static
stm32f769i_discovery_lcd.c:1081:6:BSP_LCD_DisplayStringAtLine	16	static
stm32f769i_discovery_lcd.c:1127:6:BSP_LCD_DrawLine	56	static
stm32f769i_discovery_lcd.c:1264:6:BSP_LCD_DrawPolygon	16	static
stm32f769i_discovery_lcd.c:1803:13:FillTriangle	64	static
stm32f769i_discovery_lcd.c:1447:6:BSP_LCD_FillPolygon	72	static
stm32f769i_discovery_lcd.c:1218:6:BSP_LCD_DrawCircle	64	static
stm32f769i_discovery_lcd.c:1400:6:BSP_LCD_FillCircle	48	static
stm32f769i_discovery_lcd.c:1291:6:BSP_LCD_DrawEllipse	64	static
