adv7533.c:412:10:adv7533_SetOutputMode	0	static
adv7533.c:423:10:adv7533_SetVolume	0	static
adv7533.c:433:10:adv7533_Reset	0	static
adv7533.c:327:10:adv7533_ReadID	16	static
adv7533.c:386:10:adv7533_SetMute	16	static
adv7533.c:343:10:adv7533_Pause	8	static
adv7533.c:353:10:adv7533_Resume	8	static
adv7533.c:364:10:adv7533_Play	8	static
adv7533.c:374:10:adv7533_Stop	8	static
adv7533.c:444:10:adv7533_SetFrequency	16	static
adv7533.c:265:10:adv7533_AudioInit	16	static
adv7533.c:316:6:adv7533_DeInit	8	static
adv7533.c:102:9:ADV7533_Init	8	static
adv7533.c:117:6:ADV7533_PowerOn	8	static
adv7533.c:132:6:ADV7533_PowerDown	8	static
adv7533.c:148:6:ADV7533_Configure	8	static
adv7533.c:236:6:ADV7533_PatternEnable	8	static
adv7533.c:251:6:ADV7533_PatternDisable	8	static
