jpeg_utils.c:1118:17:JPEG_MCU_YCbCr420_ARGB_ConvertBlocks	72	static
jpeg_utils.c:1302:17:JPEG_MCU_YCbCr422_ARGB_ConvertBlocks	64	static
jpeg_utils.c:1433:17:JPEG_MCU_YCbCr444_ARGB_ConvertBlocks	56	static
jpeg_utils.c:1538:17:JPEG_MCU_Gray_ARGB_ConvertBlocks	32	static
jpeg_utils.c:1615:17:JPEG_MCU_YCCK_ARGB_ConvertBlocks	56	static
jpeg_utils.c:1816:6:JPEG_InitPostProcColorTables	0	static
jpeg_utils.c:1708:19:JPEG_GetDecodeColorConvertFunc	16	static
jpeg_utils.c:1838:6:JPEG_InitColorTables	8	static
