ui.c:188:6:UI_Config_SV	16	static
ui.c:215:6:SV_Handler	24	static
ui.c:404:10:colorConversion	32	static
ui.c:412:6:DMA2D_CopyBuffer	64	static
ui.c:380:6:displayJPEG	24	static
ui.c:139:6:UI_Config_Main	16	static
ui.c:52:6:UI_Init	24	static
ui.c:207:6:Button_Handler	8	static
ui.c:163:6:UI_Config_FX	24	static
ui.c:242:8:TouchScreen_Handler	24	static
ui.c:124:8:UI_Handler	24	static
ui.c:467:6:JPEG_IRQHandler	8	static
ui.c:471:6:HAL_JPEG_GetDataCallback	16	static
ui.c:476:6:HAL_JPEG_DataReadyCallback	8	static
ui.c:481:6:HAL_JPEG_DecodeCpltCallback	0	static
ui.c:485:6:HAL_JPEG_ErrorCallback	8	static
ui.c:501:6:HAL_JPEG_InfoReadyCallback	8	static
