usbd_desc.c:146:10:USBD_AUDIO_DeviceDescriptor	0	static
usbd_desc.c:158:10:USBD_AUDIO_LangIDStrDescriptor	0	static
usbd_desc.c:278:13:IntToUnicode	8	static
usbd_desc.c:254:13:Get_SerialNum	16	static
usbd_desc.c:201:10:USBD_AUDIO_SerialStrDescriptor	8	static
usbd_desc.c:170:10:USBD_AUDIO_ProductStrDescriptor	8	static
usbd_desc.c:189:10:USBD_AUDIO_ManufacturerStrDescriptor	8	static
usbd_desc.c:217:10:USBD_AUDIO_ConfigStrDescriptor	8	static
usbd_desc.c:236:10:USBD_AUDIO_InterfaceStrDescriptor	8	static
