usbd_conf.c:71:6:HAL_PCD_MspInit	96	static
usbd_conf.c:200:6:HAL_PCD_MspDeInit	0	static
usbd_conf.c:225:6:HAL_PCD_SetupStageCallback	8	static
usbd_conf.c:236:6:HAL_PCD_DataOutStageCallback	8	static
usbd_conf.c:247:6:HAL_PCD_DataInStageCallback	8	static
usbd_conf.c:257:6:HAL_PCD_SOFCallback	8	static
usbd_conf.c:267:6:HAL_PCD_ResetCallback	16	static
usbd_conf.c:298:6:HAL_PCD_SuspendCallback	8	static
usbd_conf.c:308:6:HAL_PCD_ResumeCallback	8	static
usbd_conf.c:319:6:HAL_PCD_ISOOUTIncompleteCallback	8	static
usbd_conf.c:330:6:HAL_PCD_ISOINIncompleteCallback	8	static
usbd_conf.c:340:6:HAL_PCD_ConnectCallback	8	static
usbd_conf.c:350:6:HAL_PCD_DisconnectCallback	8	static
usbd_conf.c:365:20:USBD_LL_Init	0	static
usbd_conf.c:434:20:USBD_LL_DeInit	8	static
usbd_conf.c:445:20:USBD_LL_Start	8	static
usbd_conf.c:456:20:USBD_LL_Stop	8	static
usbd_conf.c:470:20:USBD_LL_OpenEP	8	static
usbd_conf.c:489:20:USBD_LL_CloseEP	8	static
usbd_conf.c:501:20:USBD_LL_FlushEP	8	static
usbd_conf.c:513:20:USBD_LL_StallEP	8	static
usbd_conf.c:525:20:USBD_LL_ClearStallEP	8	static
usbd_conf.c:537:9:USBD_LL_IsStallEP	0	static
usbd_conf.c:557:20:USBD_LL_SetUSBAddress	8	static
usbd_conf.c:571:20:USBD_LL_Transmit	8	static
usbd_conf.c:588:20:USBD_LL_PrepareReceive	8	static
usbd_conf.c:603:10:USBD_LL_GetRxDataSize	8	static
usbd_conf.c:613:6:USBD_LL_Delay	8	static
