stm32f7xx_hal_mmc.c:2407:13:MMC_DMATransmitCplt	0	static
stm32f7xx_hal_mmc.c:2678:17:MMC_PowerON	24	static
stm32f7xx_hal_mmc.c:2730:13:MMC_PowerOFF	8	static
stm32f7xx_hal_mmc.c:2771:13:MMC_Read_IT	24	static
stm32f7xx_hal_mmc.c:2810:13:MMC_Write_IT	32	static
stm32f7xx_hal_mmc.c:2743:17:MMC_SendStatus	16	static
stm32f7xx_hal_mmc.c:496:13:HAL_MMC_MspInit	0	static
stm32f7xx_hal_mmc.c:511:13:HAL_MMC_MspDeInit	0	static
stm32f7xx_hal_mmc.c:455:19:HAL_MMC_DeInit	8	static
stm32f7xx_hal_mmc.c:552:19:HAL_MMC_ReadBlocks	64	static
stm32f7xx_hal_mmc.c:764:19:HAL_MMC_WriteBlocks	72	static
stm32f7xx_hal_mmc.c:950:19:HAL_MMC_ReadBlocks_IT	48	static
stm32f7xx_hal_mmc.c:1053:19:HAL_MMC_WriteBlocks_IT	48	static
stm32f7xx_hal_mmc.c:1156:19:HAL_MMC_ReadBlocks_DMA	56	static
stm32f7xx_hal_mmc.c:1280:19:HAL_MMC_WriteBlocks_DMA	48	static
stm32f7xx_hal_mmc.c:1401:19:HAL_MMC_Erase	24	static
stm32f7xx_hal_mmc.c:1688:22:HAL_MMC_GetState	0	static
stm32f7xx_hal_mmc.c:1699:10:HAL_MMC_GetError	0	static
stm32f7xx_hal_mmc.c:1709:13:HAL_MMC_TxCpltCallback	0	static
stm32f7xx_hal_mmc.c:1724:13:HAL_MMC_RxCpltCallback	0	static
stm32f7xx_hal_mmc.c:1739:13:HAL_MMC_ErrorCallback	0	static
stm32f7xx_hal_mmc.c:2420:13:MMC_DMAReceiveCplt	8	static
stm32f7xx_hal_mmc.c:1754:13:HAL_MMC_AbortCallback	0	static
stm32f7xx_hal_mmc.c:1965:19:HAL_MMC_GetCardCID	0	static
stm32f7xx_hal_mmc.c:1998:19:HAL_MMC_GetCardCSD	8	static
stm32f7xx_hal_mmc.c:2594:17:MMC_InitCard	80	static
stm32f7xx_hal_mmc.c:395:19:HAL_MMC_InitCard	48	static
stm32f7xx_hal_mmc.c:327:19:HAL_MMC_Init	8	static
stm32f7xx_hal_mmc.c:2091:19:HAL_MMC_GetCardInfo	0	static
stm32f7xx_hal_mmc.c:2115:19:HAL_MMC_ConfigWideBusOperation	64	static
stm32f7xx_hal_mmc.c:2246:26:HAL_MMC_GetCardState	16	static
stm32f7xx_hal_mmc.c:2461:13:MMC_DMAError	8	static
stm32f7xx_hal_mmc.c:2504:13:MMC_DMATxAbort	8	static
stm32f7xx_hal_mmc.c:2549:13:MMC_DMARxAbort	8	static
stm32f7xx_hal_mmc.c:1498:6:HAL_MMC_IRQHandler	16	static
stm32f7xx_hal_mmc.c:2269:19:HAL_MMC_Abort	8	static
stm32f7xx_hal_mmc.c:2326:19:HAL_MMC_Abort_IT	8	static
